Archive member included to satisfy reference by file (symbol)

C:/arm-gnu-toolchain-15.2.rel1-mingw-w64-i686-arm-none-eabi/bin/../lib/gcc/arm-none-eabi/15.2.1/../../../../arm-none-eabi/lib/thumb/v7e-m+fp/hard\libc_nano.a(libc_a-rand.o)
                              timer.o (rand)
C:/arm-gnu-toolchain-15.2.rel1-mingw-w64-i686-arm-none-eabi/bin/../lib/gcc/arm-none-eabi/15.2.1/../../../../arm-none-eabi/lib/thumb/v7e-m+fp/hard\libc_nano.a(libc_a-nano-vfprintf_float.o)
                              (_printf_float)
C:/arm-gnu-toolchain-15.2.rel1-mingw-w64-i686-arm-none-eabi/bin/../lib/gcc/arm-none-eabi/15.2.1/../../../../arm-none-eabi/lib/thumb/v7e-m+fp/hard\libc_nano.a(libc_a-nano-vfprintf_i.o)
                              C:/arm-gnu-toolchain-15.2.rel1-mingw-w64-i686-arm-none-eabi/bin/../lib/gcc/arm-none-eabi/15.2.1/../../../../arm-none-eabi/lib/thumb/v7e-m+fp/hard\libc_nano.a(libc_a-nano-vfprintf_float.o) (_printf_common)
C:/arm-gnu-toolchain-15.2.rel1-mingw-w64-i686-arm-none-eabi/bin/../lib/gcc/arm-none-eabi/15.2.1/../../../../arm-none-eabi/lib/thumb/v7e-m+fp/hard\libc_nano.a(libc_a-printf.o)
                              exception.o (printf)
C:/arm-gnu-toolchain-15.2.rel1-mingw-w64-i686-arm-none-eabi/bin/../lib/gcc/arm-none-eabi/15.2.1/../../../../arm-none-eabi/lib/thumb/v7e-m+fp/hard\libc_nano.a(libc_a-setvbuf.o)
                              main.o (setvbuf)
C:/arm-gnu-toolchain-15.2.rel1-mingw-w64-i686-arm-none-eabi/bin/../lib/gcc/arm-none-eabi/15.2.1/../../../../arm-none-eabi/lib/thumb/v7e-m+fp/hard\libc_nano.a(libc_a-vsprintf.o)
                              uart.o (vsprintf)
C:/arm-gnu-toolchain-15.2.rel1-mingw-w64-i686-arm-none-eabi/bin/../lib/gcc/arm-none-eabi/15.2.1/../../../../arm-none-eabi/lib/thumb/v7e-m+fp/hard\libc_nano.a(libc_a-localeconv.o)
                              C:/arm-gnu-toolchain-15.2.rel1-mingw-w64-i686-arm-none-eabi/bin/../lib/gcc/arm-none-eabi/15.2.1/../../../../arm-none-eabi/lib/thumb/v7e-m+fp/hard\libc_nano.a(libc_a-nano-vfprintf_float.o) (_localeconv_r)
C:/arm-gnu-toolchain-15.2.rel1-mingw-w64-i686-arm-none-eabi/bin/../lib/gcc/arm-none-eabi/15.2.1/../../../../arm-none-eabi/lib/thumb/v7e-m+fp/hard\libc_nano.a(libc_a-impure.o)
                              main.o (_impure_ptr)
C:/arm-gnu-toolchain-15.2.rel1-mingw-w64-i686-arm-none-eabi/bin/../lib/gcc/arm-none-eabi/15.2.1/../../../../arm-none-eabi/lib/thumb/v7e-m+fp/hard\libc_nano.a(libc_a-errno.o)
                              runtime.o (__errno)
C:/arm-gnu-toolchain-15.2.rel1-mingw-w64-i686-arm-none-eabi/bin/../lib/gcc/arm-none-eabi/15.2.1/../../../../arm-none-eabi/lib/thumb/v7e-m+fp/hard\libc_nano.a(libc_a-lock.o)
                              C:/arm-gnu-toolchain-15.2.rel1-mingw-w64-i686-arm-none-eabi/bin/../lib/gcc/arm-none-eabi/15.2.1/../../../../arm-none-eabi/lib/thumb/v7e-m+fp/hard\libc_nano.a(libc_a-setvbuf.o) (__retarget_lock_acquire_recursive)
C:/arm-gnu-toolchain-15.2.rel1-mingw-w64-i686-arm-none-eabi/bin/../lib/gcc/arm-none-eabi/15.2.1/../../../../arm-none-eabi/lib/thumb/v7e-m+fp/hard\libc_nano.a(libc_a-memchr.o)
                              C:/arm-gnu-toolchain-15.2.rel1-mingw-w64-i686-arm-none-eabi/bin/../lib/gcc/arm-none-eabi/15.2.1/../../../../arm-none-eabi/lib/thumb/v7e-m+fp/hard\libc_nano.a(libc_a-nano-vfprintf_i.o) (memchr)
C:/arm-gnu-toolchain-15.2.rel1-mingw-w64-i686-arm-none-eabi/bin/../lib/gcc/arm-none-eabi/15.2.1/../../../../arm-none-eabi/lib/thumb/v7e-m+fp/hard\libc_nano.a(libc_a-strlen.o)
                              C:/arm-gnu-toolchain-15.2.rel1-mingw-w64-i686-arm-none-eabi/bin/../lib/gcc/arm-none-eabi/15.2.1/../../../../arm-none-eabi/lib/thumb/v7e-m+fp/hard\libc_nano.a(libc_a-nano-vfprintf_float.o) (strlen)
C:/arm-gnu-toolchain-15.2.rel1-mingw-w64-i686-arm-none-eabi/bin/../lib/gcc/arm-none-eabi/15.2.1/../../../../arm-none-eabi/lib/thumb/v7e-m+fp/hard\libc_nano.a(libc_a-assert.o)
                              C:/arm-gnu-toolchain-15.2.rel1-mingw-w64-i686-arm-none-eabi/bin/../lib/gcc/arm-none-eabi/15.2.1/../../../../arm-none-eabi/lib/thumb/v7e-m+fp/hard\libc_nano.a(libc_a-rand.o) (__assert_func)
C:/arm-gnu-toolchain-15.2.rel1-mingw-w64-i686-arm-none-eabi/bin/../lib/gcc/arm-none-eabi/15.2.1/../../../../arm-none-eabi/lib/thumb/v7e-m+fp/hard\libc_nano.a(libc_a-dtoa.o)
                              C:/arm-gnu-toolchain-15.2.rel1-mingw-w64-i686-arm-none-eabi/bin/../lib/gcc/arm-none-eabi/15.2.1/../../../../arm-none-eabi/lib/thumb/v7e-m+fp/hard\libc_nano.a(libc_a-nano-vfprintf_float.o) (_dtoa_r)
C:/arm-gnu-toolchain-15.2.rel1-mingw-w64-i686-arm-none-eabi/bin/../lib/gcc/arm-none-eabi/15.2.1/../../../../arm-none-eabi/lib/thumb/v7e-m+fp/hard\libc_nano.a(libc_a-freer.o)
                              C:/arm-gnu-toolchain-15.2.rel1-mingw-w64-i686-arm-none-eabi/bin/../lib/gcc/arm-none-eabi/15.2.1/../../../../arm-none-eabi/lib/thumb/v7e-m+fp/hard\libc_nano.a(libc_a-setvbuf.o) (_free_r)
[...]
Memory Configuration

Name             Origin             Length             Attributes
ROM              0x08000000         0x00080000         xr
RAM              0x20000000         0x00020000         xrw
*default*        0x00000000         0xffffffff

Linker script and memory map

LOAD clock.o
LOAD exception.o
LOAD i2c.o
LOAD key.o
LOAD led.o
LOAD main.o
LOAD runtime.o
LOAD spi.o
LOAD system_stm32f4xx.o
LOAD systick.o
LOAD timer.o
LOAD uart.o
LOAD ws2812.o
LOAD crt0.o
LOAD C:/arm-gnu-toolchain-15.2.rel1-mingw-w64-i686-arm-none-eabi/bin/../lib/gcc/arm-none-eabi/15.2.1/../../../../arm-none-eabi/lib/thumb/v7e-m+fp/hard\libc_nano.a
LOAD C:/arm-gnu-toolchain-15.2.rel1-mingw-w64-i686-arm-none-eabi/bin/../lib/gcc/arm-none-eabi/15.2.1/thumb/v7e-m+fp/hard\libgcc.a
START GROUP
LOAD C:/arm-gnu-toolchain-15.2.rel1-mingw-w64-i686-arm-none-eabi/bin/../lib/gcc/arm-none-eabi/15.2.1/thumb/v7e-m+fp/hard\libgcc.a
LOAD C:/arm-gnu-toolchain-15.2.rel1-mingw-w64-i686-arm-none-eabi/bin/../lib/gcc/arm-none-eabi/15.2.1/../../../../arm-none-eabi/lib/thumb/v7e-m+fp/hard\libc_nano.a
END GROUP
START GROUP
LOAD C:/arm-gnu-toolchain-15.2.rel1-mingw-w64-i686-arm-none-eabi/bin/../lib/gcc/arm-none-eabi/15.2.1/thumb/v7e-m+fp/hard\libgcc.a
LOAD C:/arm-gnu-toolchain-15.2.rel1-mingw-w64-i686-arm-none-eabi/bin/../lib/gcc/arm-none-eabi/15.2.1/../../../../arm-none-eabi/lib/thumb/v7e-m+fp/hard\libc_nano.a
LOAD C:/arm-gnu-toolchain-15.2.rel1-mingw-w64-i686-arm-none-eabi/bin/../lib/gcc/arm-none-eabi/15.2.1/../../../../arm-none-eabi/lib/thumb/v7e-m+fp/hard\libnosys.a
END GROUP
START GROUP
LOAD C:/arm-gnu-toolchain-15.2.rel1-mingw-w64-i686-arm-none-eabi/bin/../lib/gcc/arm-none-eabi/15.2.1/thumb/v7e-m+fp/hard\libgcc.a
LOAD C:/arm-gnu-toolchain-15.2.rel1-mingw-w64-i686-arm-none-eabi/bin/../lib/gcc/arm-none-eabi/15.2.1/../../../../arm-none-eabi/lib/thumb/v7e-m+fp/hard\libc_nano.a
LOAD C:/arm-gnu-toolchain-15.2.rel1-mingw-w64-i686-arm-none-eabi/bin/../lib/gcc/arm-none-eabi/15.2.1/../../../../arm-none-eabi/lib/thumb/v7e-m+fp/hard\libnosys.a
END GROUP

.text           0x08000000     0x20b0
                0x08000000                        __RO_BASE__ = .
 crt0.o(.text)
 .text          0x08000000      0x204 crt0.o
                0x08000198                RTC_Alarm_IRQHandler
                0x08000198                EXTI2_IRQHandler
                0x08000198                DebugMon_Handler
                0x08000198                SPI4_IRQHandler
                0x08000198                TIM1_CC_IRQHandler
                0x08000198                DMA2_Stream5_IRQHandler
                0x08000198                HardFault_Handler
                0x08000198                DMA1_Stream5_IRQHandler
                0x08000198                SysTick_Handler
                0x08000198                PVD_IRQHandler
                0x08000198                SDIO_IRQHandler
                0x08000198                TAMP_STAMP_IRQHandler
                0x08000198                PendSV_Handler
                0x08000198                NMI_Handler
                0x08000198                EXTI3_IRQHandler
                0x08000198                TIM1_UP_TIM10_IRQHandler
                0x08000198                I2C3_ER_IRQHandler
                0x08000198                EXTI0_IRQHandler
                0x08000198                I2C2_EV_IRQHandler
                0x08000198                DMA1_Stream2_IRQHandler
                0x08000198                FPU_IRQHandler
                0x08000198                UsageFault_Handler
                0x08000198                DMA2_Stream2_IRQHandler
                0x08000198                SPI1_IRQHandler
                0x08000198                TIM1_BRK_TIM9_IRQHandler
                0x08000198                DMA2_Stream3_IRQHandler
                0x08000198                USART6_IRQHandler
                0x08000198                DMA2_Stream0_IRQHandler
                0x08000198                TIM4_IRQHandler
                0x08000198                I2C1_EV_IRQHandler
                0x08000198                Invalid_ISR
                0x08000198                DMA1_Stream6_IRQHandler
                0x08000198                DMA1_Stream1_IRQHandler
                0x08000198                RCC_IRQHandler
                0x08000198                EXTI15_10_IRQHandler
                0x08000198                ADC_IRQHandler
                0x08000198                DMA1_Stream7_IRQHandler
                0x08000198                SPI5_IRQHandler
                0x08000198                TIM5_IRQHandler
                0x08000198                DMA2_Stream7_IRQHandler
                0x08000198                I2C3_EV_IRQHandler
                0x08000198                EXTI9_5_IRQHandler
                0x08000198                RTC_WKUP_IRQHandler
                0x08000198                SPI2_IRQHandler
                0x08000198                MemManage_Handler
                0x08000198                DMA1_Stream0_IRQHandler
                0x08000198                SVC_Handler
                0x08000198                EXTI4_IRQHandler
                0x08000198                WWDG_IRQHandler
                0x08000198                TIM2_IRQHandler
                0x08000198                OTG_FS_WKUP_IRQHandler
                0x08000198                TIM1_TRG_COM_TIM11_IRQHandler
                0x08000198                EXTI1_IRQHandler
                0x08000198                USART2_IRQHandler
                0x08000198                I2C2_ER_IRQHandler
                0x08000198                DMA2_Stream1_IRQHandler
                0x08000198                FLASH_IRQHandler
                0x08000198                DMA2_Stream4_IRQHandler
                0x08000198                BusFault_Handler
                0x08000198                USART1_IRQHandler
                0x08000198                OTG_FS_IRQHandler
                0x08000198                SPI3_IRQHandler
                0x08000198                DMA1_Stream4_IRQHandler
                0x08000198                I2C1_ER_IRQHandler
                0x08000198                DMA2_Stream6_IRQHandler
                0x08000198                DMA1_Stream3_IRQHandler
                0x0800019c                __start
 *(.text)
 .text          0x08000204       0x60 clock.o
                0x08000204                Clock_Init
 .text          0x08000264       0x2c exception.o
                0x08000264                _Invalid_ISR
 .text          0x08000290      0x14c i2c.o
                0x08000290                I2C1_SC16IS752_Init
                0x08000374                I2C1_SC16IS752_Write_Reg
                0x080003cc                I2C1_SC16IS752_Config_GPIO
                0x080003d4                I2C1_SC16IS752_Write_GPIO
 .text          0x080003dc       0xd0 key.o
                0x080003dc                Key_Poll_Init
                0x080003fc                Key_Get_Pressed
                0x08000410                Key_Wait_Key_Pressed
                0x08000420                Key_Wait_Key_Released
                0x08000430                Key_ISR_Enable
 .text          0x080004ac       0x54 led.o
                0x080004ac                LED_Init
                0x080004e0                LED_On
                0x080004f0                LED_Off
 .text          0x08000500       0xb0 main.o
                0x08000500                Main
 .text          0x080005b0       0x88 runtime.o
                0x080005b0                _sbrk
                0x080005e8                _write
                0x08000604                _read
                0x08000608                _lseek
                0x0800060c                _close
                0x08000614                _fstat
                0x08000620                _isatty
                0x08000624                _getpid
                0x08000628                _kill
 .text          0x08000638      0x1b8 spi.o
                0x08000638                SPI1_SC16IS752_Init
                0x08000724                SPI1_SC16IS752_Write_Reg
                0x08000770                SPI1_SC16IS752_Config_GPIO
                0x080007b0                SPI1_SC16IS752_Write_GPIO
 .text          0x080007f0       0x84 system_stm32f4xx.o
                0x080007f0                SystemInit
                0x08000804                SystemCoreClockUpdate
 *fill*         0x08000874        0x4 
 .text          0x08000878       0x6c systick.o
                0x08000878                SysTick_Run
                0x080008bc                SysTick_Check_Timeout
                0x080008c8                SysTick_Get_Time
                0x080008d0                SysTick_Get_Load_Time
                0x080008d8                SysTick_Stop
 *fill*         0x080008e4        0x4 
 .text          0x080008e8      0x65c timer.o
                0x080008e8                Get_WS2812_Buf
                0x080008f0                TIM2_Stopwatch_Start
                0x08000928                TIM2_Stopwatch_Stop
                0x08000948                TIM2_Delay
                0x080009f4                TIM4_Repeat
                0x08000a38                TIM4_Check_Timeout
                0x08000a54                TIM4_Stop
                0x08000a64                TIM4_Change_Value
                0x08000a74                TIM4_Repeat_Interrupt_Enable
                0x08000afc                TIM3_Out_Init
                0x08000b60                TIM3_Out_Fixed_Test
                0x08000b88                TIM3_Out_Freq_Generation
                0x08000bd8                TIM3_Out_Stop
                0x08000be8                WS2812_SetPixel
                0x08000c08                WS2812_SetHue
                0x08000c94                Mode_Aurora_Wave
                0x08000ec8                Mode_Pink_Candle_Flicker
 *fill*         0x08000f44        0x4 
 .text          0x08000f48      0x2fc uart.o
                0x08000f48                Uart2_Init
                0x08001034                Uart2_Send_Byte
                0x08001058                Uart2_RX_Interrupt_Enable
                0x08001094                Uart1_Init
                0x0800117c                Uart1_Send_Byte
                0x080011a0                Uart1_Send_String
                0x080011d0                Uart1_Printf
                0x0800121c                Uart1_Get_Pressed
                0x08001230                Uart1_Get_Char
 .text          0x08001244      0x1ec ws2812.o
                0x08001244                WS2812_Encode
                0x080012f8                WS2812_Send
                0x0800135c                WS2812_Is_Busy
                0x08001368                TIM3_IRQHandler
                0x080013f8                WS2812_Debug_Print
 .text          0x08001430        0x0 C:/arm-gnu-toolchain-15.2.rel1-mingw-w64-i686-arm-none-eabi/bin/../lib/gcc/arm-none-eabi/15.2.1/../../../../arm-none-eabi/lib/thumb/v7e-m+fp/hard\libc_nano.a(libc_a-rand.o)
 .text          0x08001430        0x0 C:/arm-gnu-toolchain-15.2.rel1-mingw-w64-i686-arm-none-eabi/bin/../lib/gcc/arm-none-eabi/15.2.1/../../../../arm-none-eabi/lib/thumb/v7e-m+fp/hard\libc_nano.a(libc_a-nano-vfprintf_float.o)
 .text          0x08001430        0x0 C:/arm-gnu-toolchain-15.2.rel1-mingw-w64-i686-arm-none-eabi/bin/../lib/gcc/arm-none-eabi/15.2.1/../../../../arm-none-eabi/lib/thumb/v7e-m+fp/hard\libc_nano.a(libc_a-nano-vfprintf_i.o)
 .text          0x08001430        0x0 C:/arm-gnu-toolchain-15.2.rel1-mingw-w64-i686-arm-none-eabi/bin/../lib/gcc/arm-none-eabi/15.2.1/../../../../arm-none-eabi/lib/thumb/v7e-m+fp/hard\libc_nano.a(libc_a-printf.o)
 .text          0x08001430        0x0 C:/arm-gnu-toolchain-15.2.rel1-mingw-w64-i686-arm-none-eabi/bin/../lib/gcc/arm-none-eabi/15.2.1/../../../../arm-none-eabi/lib/thumb/v7e-m+fp/hard\libc_nano.a(libc_a-setvbuf.o)
 .text          0x08001430        0x0 C:/arm-gnu-toolchain-15.2.rel1-mingw-w64-i686-arm-none-eabi/bin/../lib/gcc/arm-none-eabi/15.2.1/../../../../arm-none-eabi/lib/thumb/v7e-m+fp/hard\libc_nano.a(libc_a-vsprintf.o)
 .text          0x08001430        0x0 C:/arm-gnu-toolchain-15.2.rel1-mingw-w64-i686-arm-none-eabi/bin/../lib/gcc/arm-none-eabi/15.2.1/../../../../arm-none-eabi/lib/thumb/v7e-m+fp/hard\libc_nano.a(libc_a-localeconv.o)
 .text          0x08001430        0x0 C:/arm-gnu-toolchain-15.2.rel1-mingw-w64-i686-arm-none-eabi/bin/../lib/gcc/arm-none-eabi/15.2.1/../../../../arm-none-eabi/lib/thumb/v7e-m+fp/hard\libc_nano.a(libc_a-impure.o)
 .text          0x08001430        0x0 C:/arm-gnu-toolchain-15.2.rel1-mingw-w64-i686-arm-none-eabi/bin/../lib/gcc/arm-none-eabi/15.2.1/../../../../arm-none-eabi/lib/thumb/v7e-m+fp/hard\libc_nano.a(libc_a-errno.o)
 .text          0x08001430        0x0 C:/arm-gnu-toolchain-15.2.rel1-mingw-w64-i686-arm-none-eabi/bin/../lib/gcc/arm-none-eabi/15.2.1/../../../../arm-none-eabi/lib/thumb/v7e-m+fp/hard\libc_nano.a(libc_a-lock.o)
 .text          0x08001430       0xa0 C:/arm-gnu-toolchain-15.2.rel1-mingw-w64-i686-arm-none-eabi/bin/../lib/gcc/arm-none-eabi/15.2.1/../../../../arm-none-eabi/lib/thumb/v7e-m+fp/hard\libc_nano.a(libc_a-memchr.o)
                0x08001430                memchr
 .text          0x080014d0       0x10 C:/arm-gnu-toolchain-15.2.rel1-mingw-w64-i686-arm-none-eabi/bin/../lib/gcc/arm-none-eabi/15.2.1/../../../../arm-none-eabi/lib/thumb/v7e-m+fp/hard\libc_nano.a(libc_a-strlen.o)
                0x080014d0                strlen
 .text          0x080014e0        0x0 C:/arm-gnu-toolchain-15.2.rel1-mingw-w64-i686-arm-none-eabi/bin/../lib/gcc/arm-none-eabi/15.2.1/../../../../arm-none-eabi/lib/thumb/v7e-m+fp/hard\libc_nano.a(libc_a-assert.o)
 .text          0x080014e0        0x0 C:/arm-gnu-toolchain-15.2.rel1-mingw-w64-i686-arm-none-eabi/bin/../lib/gcc/arm-none-eabi/15.2.1/../../../../arm-none-eabi/lib/thumb/v7e-m+fp/hard\libc_nano.a(libc_a-dtoa.o)
 .text          0x080014e0        0x0 C:/arm-gnu-toolchain-15.2.rel1-mingw-w64-i686-arm-none-eabi/bin/../lib/gcc/arm-none-eabi/15.2.1/../../../../arm-none-eabi/lib/thumb/v7e-m+fp/hard\libc_nano.a(libc_a-freer.o)
 .text          0x080014e0        0x0 C:/arm-gnu-toolchain-15.2.rel1-mingw-w64-i686-arm-none-eabi/bin/../lib/gcc/arm-none-eabi/15.2.1/../../../../arm-none-eabi/lib/thumb/v7e-m+fp/hard\libc_nano.a(libc_a-malloc.o)
 .text          0x080014e0        0x0 C:/arm-gnu-toolchain-15.2.rel1-mingw-w64-i686-arm-none-eabi/bin/../lib/gcc/arm-none-eabi/15.2.1/../../../../arm-none-eabi/lib/thumb/v7e-m+fp/hard\libc_nano.a(libc_a-mallocr.o)
 .text          0x080014e0        0x0 C:/arm-gnu-toolchain-15.2.rel1-mingw-w64-i686-arm-none-eabi/bin/../lib/gcc/arm-none-eabi/15.2.1/../../../../arm-none-eabi/lib/thumb/v7e-m+fp/hard\libc_nano.a(libc_a-mlock.o)
 .text          0x080014e0        0x0 C:/arm-gnu-toolchain-15.2.rel1-mingw-w64-i686-arm-none-eabi/bin/../lib/gcc/arm-none-eabi/15.2.1/../../../../arm-none-eabi/lib/thumb/v7e-m+fp/hard\libc_nano.a(libc_a-mprec.o)
 .text          0x080014e0        0x0 C:/arm-gnu-toolchain-15.2.rel1-mingw-w64-i686-arm-none-eabi/bin/../lib/gcc/arm-none-eabi/15.2.1/../../../../arm-none-eabi/lib/thumb/v7e-m+fp/hard\libc_nano.a(libc_a-nano-svfprintf.o)
 .text          0x080014e0        0x0 C:/arm-gnu-toolchain-15.2.rel1-mingw-w64-i686-arm-none-eabi/bin/../lib/gcc/arm-none-eabi/15.2.1/../../../../arm-none-eabi/lib/thumb/v7e-m+fp/hard\libc_nano.a(libc_a-nano-vfprintf.o)
 .text          0x080014e0        0x0 C:/arm-gnu-toolchain-15.2.rel1-mingw-w64-i686-arm-none-eabi/bin/../lib/gcc/arm-none-eabi/15.2.1/../../../../arm-none-eabi/lib/thumb/v7e-m+fp/hard\libc_nano.a(libc_a-fflush.o)
 .text          0x080014e0        0x0 C:/arm-gnu-toolchain-15.2.rel1-mingw-w64-i686-arm-none-eabi/bin/../lib/gcc/arm-none-eabi/15.2.1/../../../../arm-none-eabi/lib/thumb/v7e-m+fp/hard\libc_nano.a(libc_a-findfp.o)
 .text          0x080014e0        0x0 C:/arm-gnu-toolchain-15.2.rel1-mingw-w64-i686-arm-none-eabi/bin/../lib/gcc/arm-none-eabi/15.2.1/../../../../arm-none-eabi/lib/thumb/v7e-m+fp/hard\libc_nano.a(libc_a-fprintf.o)
 .text          0x080014e0        0x0 C:/arm-gnu-toolchain-15.2.rel1-mingw-w64-i686-arm-none-eabi/bin/../lib/gcc/arm-none-eabi/15.2.1/../../../../arm-none-eabi/lib/thumb/v7e-m+fp/hard\libc_nano.a(libc_a-fvwrite.o)
 .text          0x080014e0        0x0 C:/arm-gnu-toolchain-15.2.rel1-mingw-w64-i686-arm-none-eabi/bin/../lib/gcc/arm-none-eabi/15.2.1/../../../../arm-none-eabi/lib/thumb/v7e-m+fp/hard\libc_nano.a(libc_a-fwalk.o)
 .text          0x080014e0        0x0 C:/arm-gnu-toolchain-15.2.rel1-mingw-w64-i686-arm-none-eabi/bin/../lib/gcc/arm-none-eabi/15.2.1/../../../../arm-none-eabi/lib/thumb/v7e-m+fp/hard\libc_nano.a(libc_a-makebuf.o)
 .text          0x080014e0        0x0 C:/arm-gnu-toolchain-15.2.rel1-mingw-w64-i686-arm-none-eabi/bin/../lib/gcc/arm-none-eabi/15.2.1/../../../../arm-none-eabi/lib/thumb/v7e-m+fp/hard\libc_nano.a(libc_a-stdio.o)
 .text          0x080014e0        0x0 C:/arm-gnu-toolchain-15.2.rel1-mingw-w64-i686-arm-none-eabi/bin/../lib/gcc/arm-none-eabi/15.2.1/../../../../arm-none-eabi/lib/thumb/v7e-m+fp/hard\libc_nano.a(libc_a-wbuf.o)
 .text          0x080014e0        0x0 C:/arm-gnu-toolchain-15.2.rel1-mingw-w64-i686-arm-none-eabi/bin/../lib/gcc/arm-none-eabi/15.2.1/../../../../arm-none-eabi/lib/thumb/v7e-m+fp/hard\libc_nano.a(libc_a-wsetup.o)
 .text          0x080014e0        0x0 C:/arm-gnu-toolchain-15.2.rel1-mingw-w64-i686-arm-none-eabi/bin/../lib/gcc/arm-none-eabi/15.2.1/../../../../arm-none-eabi/lib/thumb/v7e-m+fp/hard\libc_nano.a(libc_a-memmove.o)
 .text          0x080014e0        0x0 C:/arm-gnu-toolchain-15.2.rel1-mingw-w64-i686-arm-none-eabi/bin/../lib/gcc/arm-none-eabi/15.2.1/../../../../arm-none-eabi/lib/thumb/v7e-m+fp/hard\libc_nano.a(libc_a-memset.o)
 .text          0x080014e0        0x0 C:/arm-gnu-toolchain-15.2.rel1-mingw-w64-i686-arm-none-eabi/bin/../lib/gcc/arm-none-eabi/15.2.1/../../../../arm-none-eabi/lib/thumb/v7e-m+fp/hard\libc_nano.a(libc_a-locale.o)
 .text          0x080014e0        0x0 C:/arm-gnu-toolchain-15.2.rel1-mingw-w64-i686-arm-none-eabi/bin/../lib/gcc/arm-none-eabi/15.2.1/../../../../arm-none-eabi/lib/thumb/v7e-m+fp/hard\libc_nano.a(libc_a-closer.o)
 .text          0x080014e0        0x0 C:/arm-gnu-toolchain-15.2.rel1-mingw-w64-i686-arm-none-eabi/bin/../lib/gcc/arm-none-eabi/15.2.1/../../../../arm-none-eabi/lib/thumb/v7e-m+fp/hard\libc_nano.a(libc_a-reent.o)
 .text          0x080014e0        0x0 C:/arm-gnu-toolchain-15.2.rel1-mingw-w64-i686-arm-none-eabi/bin/../lib/gcc/arm-none-eabi/15.2.1/../../../../arm-none-eabi/lib/thumb/v7e-m+fp/hard\libc_nano.a(libc_a-fstatr.o)
 .text          0x080014e0        0x0 C:/arm-gnu-toolchain-15.2.rel1-mingw-w64-i686-arm-none-eabi/bin/../lib/gcc/arm-none-eabi/15.2.1/../../../../arm-none-eabi/lib/thumb/v7e-m+fp/hard\libc_nano.a(libc_a-isattyr.o)
 .text          0x080014e0        0x0 C:/arm-gnu-toolchain-15.2.rel1-mingw-w64-i686-arm-none-eabi/bin/../lib/gcc/arm-none-eabi/15.2.1/../../../../arm-none-eabi/lib/thumb/v7e-m+fp/hard\libc_nano.a(libc_a-lseekr.o)
 .text          0x080014e0        0x0 C:/arm-gnu-toolchain-15.2.rel1-mingw-w64-i686-arm-none-eabi/bin/../lib/gcc/arm-none-eabi/15.2.1/../../../../arm-none-eabi/lib/thumb/v7e-m+fp/hard\libc_nano.a(libc_a-readr.o)
 .text          0x080014e0        0x0 C:/arm-gnu-toolchain-15.2.rel1-mingw-w64-i686-arm-none-eabi/bin/../lib/gcc/arm-none-eabi/15.2.1/../../../../arm-none-eabi/lib/thumb/v7e-m+fp/hard\libc_nano.a(libc_a-sbrkr.o)
 .text          0x080014e0        0x0 C:/arm-gnu-toolchain-15.2.rel1-mingw-w64-i686-arm-none-eabi/bin/../lib/gcc/arm-none-eabi/15.2.1/../../../../arm-none-eabi/lib/thumb/v7e-m+fp/hard\libc_nano.a(libc_a-writer.o)
 .text          0x080014e0       0x14 C:/arm-gnu-toolchain-15.2.rel1-mingw-w64-i686-arm-none-eabi/bin/../lib/gcc/arm-none-eabi/15.2.1/../../../../arm-none-eabi/lib/thumb/v7e-m+fp/hard\libc_nano.a(libc_a-strcmp.o)
                0x080014e0                strcmp
 .text          0x080014f4        0x0 C:/arm-gnu-toolchain-15.2.rel1-mingw-w64-i686-arm-none-eabi/bin/../lib/gcc/arm-none-eabi/15.2.1/../../../../arm-none-eabi/lib/thumb/v7e-m+fp/hard\libc_nano.a(libc_a-memcpy-stub.o)
 .text          0x080014f4        0x0 C:/arm-gnu-toolchain-15.2.rel1-mingw-w64-i686-arm-none-eabi/bin/../lib/gcc/arm-none-eabi/15.2.1/../../../../arm-none-eabi/lib/thumb/v7e-m+fp/hard\libc_nano.a(libc_a-abort.o)
 .text          0x080014f4        0x0 C:/arm-gnu-toolchain-15.2.rel1-mingw-w64-i686-arm-none-eabi/bin/../lib/gcc/arm-none-eabi/15.2.1/../../../../arm-none-eabi/lib/thumb/v7e-m+fp/hard\libc_nano.a(libc_a-callocr.o)
 .text          0x080014f4        0x0 C:/arm-gnu-toolchain-15.2.rel1-mingw-w64-i686-arm-none-eabi/bin/../lib/gcc/arm-none-eabi/15.2.1/../../../../arm-none-eabi/lib/thumb/v7e-m+fp/hard\libc_nano.a(libc_a-mbtowc_r.o)
 .text          0x080014f4        0x0 C:/arm-gnu-toolchain-15.2.rel1-mingw-w64-i686-arm-none-eabi/bin/../lib/gcc/arm-none-eabi/15.2.1/../../../../arm-none-eabi/lib/thumb/v7e-m+fp/hard\libc_nano.a(libc_a-reallocr.o)
 .text          0x080014f4        0x0 C:/arm-gnu-toolchain-15.2.rel1-mingw-w64-i686-arm-none-eabi/bin/../lib/gcc/arm-none-eabi/15.2.1/../../../../arm-none-eabi/lib/thumb/v7e-m+fp/hard\libc_nano.a(libc_a-wctomb_r.o)
 .text          0x080014f4        0x0 C:/arm-gnu-toolchain-15.2.rel1-mingw-w64-i686-arm-none-eabi/bin/../lib/gcc/arm-none-eabi/15.2.1/../../../../arm-none-eabi/lib/thumb/v7e-m+fp/hard\libc_nano.a(libc_a-ctype_.o)
 .text          0x080014f4        0x0 C:/arm-gnu-toolchain-15.2.rel1-mingw-w64-i686-arm-none-eabi/bin/../lib/gcc/arm-none-eabi/15.2.1/../../../../arm-none-eabi/lib/thumb/v7e-m+fp/hard\libc_nano.a(libc_a-signal.o)
 .text          0x080014f4        0x0 C:/arm-gnu-toolchain-15.2.rel1-mingw-w64-i686-arm-none-eabi/bin/../lib/gcc/arm-none-eabi/15.2.1/../../../../arm-none-eabi/lib/thumb/v7e-m+fp/hard\libc_nano.a(libc_a-signalr.o)
 .text          0x080014f4        0x0 C:/arm-gnu-toolchain-15.2.rel1-mingw-w64-i686-arm-none-eabi/bin/../lib/gcc/arm-none-eabi/15.2.1/../../../../arm-none-eabi/lib/thumb/v7e-m+fp/hard\libc_nano.a(libc_a-msizer.o)
 .text          0x080014f4      0x254 C:/arm-gnu-toolchain-15.2.rel1-mingw-w64-i686-arm-none-eabi/bin/../lib/gcc/arm-none-eabi/15.2.1/thumb/v7e-m+fp/hard\libgcc.a(_arm_muldf3.o)
 .text          0x08001748      0x378 C:/arm-gnu-toolchain-15.2.rel1-mingw-w64-i686-arm-none-eabi/bin/../lib/gcc/arm-none-eabi/15.2.1/thumb/v7e-m+fp/hard\libgcc.a(_arm_addsubdf3.o)
                0x08001748                __aeabi_drsub
                0x08001750                __aeabi_dsub
                0x08001750                __subdf3
                0x08001754                __aeabi_dadd
                0x08001754                __adddf3
                0x080019cc                __floatunsidf
                0x080019cc                __aeabi_ui2d
                0x080019ec                __floatsidf
                0x080019ec                __aeabi_i2d
                0x08001a10                __aeabi_f2d
                0x08001a10                __extendsfdf2
                0x08001a54                __floatundidf
                0x08001a54                __aeabi_ul2d
                0x08001a64                __floatdidf
                0x08001a64                __aeabi_l2d
 .text          0x08001ac0      0x424 C:/arm-gnu-toolchain-15.2.rel1-mingw-w64-i686-arm-none-eabi/bin/../lib/gcc/arm-none-eabi/15.2.1/thumb/v7e-m+fp/hard\libgcc.a(_arm_muldivdf3.o)
                0x08001ac0                __aeabi_dmul
                0x08001ac0                __muldf3
                0x08001d14                __divdf3
                0x08001d14                __aeabi_ddiv
 .text          0x08001ee4      0x110 C:/arm-gnu-toolchain-15.2.rel1-mingw-w64-i686-arm-none-eabi/bin/../lib/gcc/arm-none-eabi/15.2.1/thumb/v7e-m+fp/hard\libgcc.a(_arm_cmpdf2.o)
                0x08001ee4                __gtdf2
                0x08001ee4                __gedf2
                0x08001eec                __ltdf2
                0x08001eec                __ledf2
                0x08001ef4                __nedf2
                0x08001ef4                __eqdf2
                0x08001ef4                __cmpdf2
                0x08001f70                __aeabi_cdrcmple
                0x08001f80                __aeabi_cdcmpeq
                0x08001f80                __aeabi_cdcmple
                0x08001f90                __aeabi_dcmpeq
                0x08001fa4                __aeabi_dcmplt
                0x08001fb8                __aeabi_dcmple
                0x08001fcc                __aeabi_dcmpge
                0x08001fe0                __aeabi_dcmpgt
 .text          0x08001ff4       0x2c C:/arm-gnu-toolchain-15.2.rel1-mingw-w64-i686-arm-none-eabi/bin/../lib/gcc/arm-none-eabi/15.2.1/thumb/v7e-m+fp/hard\libgcc.a(_arm_unorddf2.o)
                0x08001ff4                __unorddf2
                0x08001ff4                __aeabi_dcmpun
 .text          0x08002020       0x50 C:/arm-gnu-toolchain-15.2.rel1-mingw-w64-i686-arm-none-eabi/bin/../lib/gcc/arm-none-eabi/15.2.1/thumb/v7e-m+fp/hard\libgcc.a(_arm_fixdfsi.o)
                0x08002020                __aeabi_d2iz
                0x08002020                __fixdfsi
 .text          0x08002070       0x40 C:/arm-gnu-toolchain-15.2.rel1-mingw-w64-i686-arm-none-eabi/bin/../lib/gcc/arm-none-eabi/15.2.1/thumb/v7e-m+fp/hard\libgcc.a(_arm_fixunsdfsi.o)
                0x08002070                __aeabi_d2uiz
                0x08002070                __fixunsdfsi
 .text          0x080020b0        0x0 C:/arm-gnu-toolchain-15.2.rel1-mingw-w64-i686-arm-none-eabi/bin/../lib/gcc/arm-none-eabi/15.2.1/../../../../arm-none-eabi/lib/thumb/v7e-m+fp/hard\libnosys.a(_exit.o)
                0x080020b0                        . = ALIGN (0x4)

.glue_7         0x080020b0        0x0
 .glue_7        0x080020b0        0x0 linker stubs

.glue_7t        0x080020b0        0x0
 .glue_7t       0x080020b0        0x0 linker stubs

.vfp11_veneer   0x080020b0        0x0
 .vfp11_veneer  0x080020b0        0x0 linker stubs

.v4_bx          0x080020b0        0x0
 .v4_bx         0x080020b0        0x0 linker stubs

.iplt           0x080020b0        0x0
 .iplt          0x080020b0        0x0 exception.o

.text.srand     0x080020b0       0x5c
 .text.srand    0x080020b0       0x5c C:/arm-gnu-toolchain-15.2.rel1-mingw-w64-i686-arm-none-eabi/bin/../lib/gcc/arm-none-eabi/15.2.1/../../../../arm-none-eabi/lib/thumb/v7e-m+fp/hard\libc_nano.a(libc_a-rand.o)
                0x080020b0                srand

.text.rand      0x0800210c       0x7c
 .text.rand     0x0800210c       0x7c C:/arm-gnu-toolchain-15.2.rel1-mingw-w64-i686-arm-none-eabi/bin/../lib/gcc/arm-none-eabi/15.2.1/../../../../arm-none-eabi/lib/thumb/v7e-m+fp/hard\libc_nano.a(libc_a-rand.o)
                0x0800210c                rand

.text.__cvt     0x08002188       0xbe
 .text.__cvt    0x08002188       0xbe C:/arm-gnu-toolchain-15.2.rel1-mingw-w64-i686-arm-none-eabi/bin/../lib/gcc/arm-none-eabi/15.2.1/../../../../arm-none-eabi/lib/thumb/v7e-m+fp/hard\libc_nano.a(libc_a-nano-vfprintf_float.o)
                0x08002188                __cvt

.text.__exponent
                0x08002246       0x76
 .text.__exponent
                0x08002246       0x76 C:/arm-gnu-toolchain-15.2.rel1-mingw-w64-i686-arm-none-eabi/bin/../lib/gcc/arm-none-eabi/15.2.1/../../../../arm-none-eabi/lib/thumb/v7e-m+fp/hard\libc_nano.a(libc_a-nano-vfprintf_float.o)
                0x08002246                __exponent

.text._printf_float
                0x080022bc      0x448
 .text._printf_float
                0x080022bc      0x448 C:/arm-gnu-toolchain-15.2.rel1-mingw-w64-i686-arm-none-eabi/bin/../lib/gcc/arm-none-eabi/15.2.1/../../../../arm-none-eabi/lib/thumb/v7e-m+fp/hard\libc_nano.a(libc_a-nano-vfprintf_float.o)
                0x080022bc                _printf_float

.text._printf_common
                0x08002704       0xea
 .text._printf_common
                0x08002704       0xea C:/arm-gnu-toolchain-15.2.rel1-mingw-w64-i686-arm-none-eabi/bin/../lib/gcc/arm-none-eabi/15.2.1/../../../../arm-none-eabi/lib/thumb/v7e-m+fp/hard\libc_nano.a(libc_a-nano-vfprintf_i.o)
                0x08002704                _printf_common

.text._printf_i
                0x080027f0      0x254
 .text._printf_i
                0x080027f0      0x254 C:/arm-gnu-toolchain-15.2.rel1-mingw-w64-i686-arm-none-eabi/bin/../lib/gcc/arm-none-eabi/15.2.1/../../../../arm-none-eabi/lib/thumb/v7e-m+fp/hard\libc_nano.a(libc_a-nano-vfprintf_i.o)
                0x080027f0                _printf_i

.text._printf_r
                0x08002a44       0x1c
 .text._printf_r
                0x08002a44       0x1c C:/arm-gnu-toolchain-15.2.rel1-mingw-w64-i686-arm-none-eabi/bin/../lib/gcc/arm-none-eabi/15.2.1/../../../../arm-none-eabi/lib/thumb/v7e-m+fp/hard\libc_nano.a(libc_a-printf.o)
                0x08002a44                _iprintf_r
                0x08002a44                _printf_r

.text.printf    0x08002a60       0x24
 .text.printf   0x08002a60       0x24 C:/arm-gnu-toolchain-15.2.rel1-mingw-w64-i686-arm-none-eabi/bin/../lib/gcc/arm-none-eabi/15.2.1/../../../../arm-none-eabi/lib/thumb/v7e-m+fp/hard\libc_nano.a(libc_a-printf.o)
                0x08002a60                iprintf
                0x08002a60                printf

.text.setvbuf   0x08002a84      0x168
 .text.setvbuf  0x08002a84      0x168 C:/arm-gnu-toolchain-15.2.rel1-mingw-w64-i686-arm-none-eabi/bin/../lib/gcc/arm-none-eabi/15.2.1/../../../../arm-none-eabi/lib/thumb/v7e-m+fp/hard\libc_nano.a(libc_a-setvbuf.o)
                0x08002a84                setvbuf

.text._vsprintf_r
                0x08002bec       0x2c
 .text._vsprintf_r
                0x08002bec       0x2c C:/arm-gnu-toolchain-15.2.rel1-mingw-w64-i686-arm-none-eabi/bin/../lib/gcc/arm-none-eabi/15.2.1/../../../../arm-none-eabi/lib/thumb/v7e-m+fp/hard\libc_nano.a(libc_a-vsprintf.o)
                0x08002bec                _vsprintf_r
                0x08002bec                _vsiprintf_r

.text.vsprintf  0x08002c18       0x14
 .text.vsprintf
                0x08002c18       0x14 C:/arm-gnu-toolchain-15.2.rel1-mingw-w64-i686-arm-none-eabi/bin/../lib/gcc/arm-none-eabi/15.2.1/../../../../arm-none-eabi/lib/thumb/v7e-m+fp/hard\libc_nano.a(libc_a-vsprintf.o)
                0x08002c18                vsiprintf
                0x08002c18                vsprintf

.text.__localeconv_l
                0x08002c2c        0x4
 .text.__localeconv_l
                0x08002c2c        0x4 C:/arm-gnu-toolchain-15.2.rel1-mingw-w64-i686-arm-none-eabi/bin/../lib/gcc/arm-none-eabi/15.2.1/../../../../arm-none-eabi/lib/thumb/v7e-m+fp/hard\libc_nano.a(libc_a-localeconv.o)
                0x08002c2c                __localeconv_l

.text._localeconv_r
                0x08002c30        0x8
 .text._localeconv_r
                0x08002c30        0x8 C:/arm-gnu-toolchain-15.2.rel1-mingw-w64-i686-arm-none-eabi/bin/../lib/gcc/arm-none-eabi/15.2.1/../../../../arm-none-eabi/lib/thumb/v7e-m+fp/hard\libc_nano.a(libc_a-localeconv.o)
                0x08002c30                _localeconv_r

.text.localeconv
                0x08002c38        0x8
 .text.localeconv
                0x08002c38        0x8 C:/arm-gnu-toolchain-15.2.rel1-mingw-w64-i686-arm-none-eabi/bin/../lib/gcc/arm-none-eabi/15.2.1/../../../../arm-none-eabi/lib/thumb/v7e-m+fp/hard\libc_nano.a(libc_a-localeconv.o)
                0x08002c38                localeconv

.text.__errno   0x08002c40        0xc
 .text.__errno  0x08002c40        0xc C:/arm-gnu-toolchain-15.2.rel1-mingw-w64-i686-arm-none-eabi/bin/../lib/gcc/arm-none-eabi/15.2.1/../../../../arm-none-eabi/lib/thumb/v7e-m+fp/hard\libc_nano.a(libc_a-errno.o)
                0x08002c40                __errno

.text.__retarget_lock_init
                0x08002c4c        0x2
 .text.__retarget_lock_init
                0x08002c4c        0x2 C:/arm-gnu-toolchain-15.2.rel1-mingw-w64-i686-arm-none-eabi/bin/../lib/gcc/arm-none-eabi/15.2.1/../../../../arm-none-eabi/lib/thumb/v7e-m+fp/hard\libc_nano.a(libc_a-lock.o)
                0x08002c4c                __retarget_lock_init

.text.__retarget_lock_init_recursive
                0x08002c4e        0x2
 .text.__retarget_lock_init_recursive
                0x08002c4e        0x2 C:/arm-gnu-toolchain-15.2.rel1-mingw-w64-i686-arm-none-eabi/bin/../lib/gcc/arm-none-eabi/15.2.1/../../../../arm-none-eabi/lib/thumb/v7e-m+fp/hard\libc_nano.a(libc_a-lock.o)
                0x08002c4e                __retarget_lock_init_recursive

.text.__retarget_lock_close
                0x08002c50        0x2
 .text.__retarget_lock_close
                0x08002c50        0x2 C:/arm-gnu-toolchain-15.2.rel1-mingw-w64-i686-arm-none-eabi/bin/../lib/gcc/arm-none-eabi/15.2.1/../../../../arm-none-eabi/lib/thumb/v7e-m+fp/hard\libc_nano.a(libc_a-lock.o)
                0x08002c50                __retarget_lock_close

.text.__retarget_lock_close_recursive
                0x08002c52        0x2
 .text.__retarget_lock_close_recursive
                0x08002c52        0x2 C:/arm-gnu-toolchain-15.2.rel1-mingw-w64-i686-arm-none-eabi/bin/../lib/gcc/arm-none-eabi/15.2.1/../../../../arm-none-eabi/lib/thumb/v7e-m+fp/hard\libc_nano.a(libc_a-lock.o)
                0x08002c52                __retarget_lock_close_recursive

.text.__retarget_lock_acquire
                0x08002c54        0x2
 .text.__retarget_lock_acquire
                0x08002c54        0x2 C:/arm-gnu-toolchain-15.2.rel1-mingw-w64-i686-arm-none-eabi/bin/../lib/gcc/arm-none-eabi/15.2.1/../../../../arm-none-eabi/lib/thumb/v7e-m+fp/hard\libc_nano.a(libc_a-lock.o)
                0x08002c54                __retarget_lock_acquire

.text.__retarget_lock_acquire_recursive
                0x08002c56        0x2
 .text.__retarget_lock_acquire_recursive
                0x08002c56        0x2 C:/arm-gnu-toolchain-15.2.rel1-mingw-w64-i686-arm-none-eabi/bin/../lib/gcc/arm-none-eabi/15.2.1/../../../../arm-none-eabi/lib/thumb/v7e-m+fp/hard\libc_nano.a(libc_a-lock.o)
                0x08002c56                __retarget_lock_acquire_recursive

.text.__retarget_lock_try_acquire
                0x08002c58        0x4
 .text.__retarget_lock_try_acquire
                0x08002c58        0x4 C:/arm-gnu-toolchain-15.2.rel1-mingw-w64-i686-arm-none-eabi/bin/../lib/gcc/arm-none-eabi/15.2.1/../../../../arm-none-eabi/lib/thumb/v7e-m+fp/hard\libc_nano.a(libc_a-lock.o)
                0x08002c58                __retarget_lock_try_acquire

.text.__retarget_lock_try_acquire_recursive
                0x08002c5c        0x4
 .text.__retarget_lock_try_acquire_recursive
                0x08002c5c        0x4 C:/arm-gnu-toolchain-15.2.rel1-mingw-w64-i686-arm-none-eabi/bin/../lib/gcc/arm-none-eabi/15.2.1/../../../../arm-none-eabi/lib/thumb/v7e-m+fp/hard\libc_nano.a(libc_a-lock.o)
                0x08002c5c                __retarget_lock_try_acquire_recursive

.text.__retarget_lock_release
                0x08002c60        0x2
 .text.__retarget_lock_release
                0x08002c60        0x2 C:/arm-gnu-toolchain-15.2.rel1-mingw-w64-i686-arm-none-eabi/bin/../lib/gcc/arm-none-eabi/15.2.1/../../../../arm-none-eabi/lib/thumb/v7e-m+fp/hard\libc_nano.a(libc_a-lock.o)
                0x08002c60                __retarget_lock_release

.text.__retarget_lock_release_recursive
                0x08002c62        0x2
 .text.__retarget_lock_release_recursive
                0x08002c62        0x2 C:/arm-gnu-toolchain-15.2.rel1-mingw-w64-i686-arm-none-eabi/bin/../lib/gcc/arm-none-eabi/15.2.1/../../../../arm-none-eabi/lib/thumb/v7e-m+fp/hard\libc_nano.a(libc_a-lock.o)
                0x08002c62                __retarget_lock_release_recursive

.text.__assert_func
                0x08002c64       0x3c
 .text.__assert_func
                0x08002c64       0x3c C:/arm-gnu-toolchain-15.2.rel1-mingw-w64-i686-arm-none-eabi/bin/../lib/gcc/arm-none-eabi/15.2.1/../../../../arm-none-eabi/lib/thumb/v7e-m+fp/hard\libc_nano.a(libc_a-assert.o)
                0x08002c64                __assert_func

.text.__assert  0x08002ca0        0xa
 .text.__assert
                0x08002ca0        0xa C:/arm-gnu-toolchain-15.2.rel1-mingw-w64-i686-arm-none-eabi/bin/../lib/gcc/arm-none-eabi/15.2.1/../../../../arm-none-eabi/lib/thumb/v7e-m+fp/hard\libc_nano.a(libc_a-assert.o)
                0x08002ca0                __assert

.text.quorem    0x08002caa      0x110
 .text.quorem   0x08002caa      0x110 C:/arm-gnu-toolchain-15.2.rel1-mingw-w64-i686-arm-none-eabi/bin/../lib/gcc/arm-none-eabi/15.2.1/../../../../arm-none-eabi/lib/thumb/v7e-m+fp/hard\libc_nano.a(libc_a-dtoa.o)

.text._dtoa_r   0x08002dc0      0xbac
 .text._dtoa_r  0x08002dc0      0xbac C:/arm-gnu-toolchain-15.2.rel1-mingw-w64-i686-arm-none-eabi/bin/../lib/gcc/arm-none-eabi/15.2.1/../../../../arm-none-eabi/lib/thumb/v7e-m+fp/hard\libc_nano.a(libc_a-dtoa.o)
                0x08002dc0                _dtoa_r

.text._free_r   0x0800396c       0x98
 .text._free_r  0x0800396c       0x98 C:/arm-gnu-toolchain-15.2.rel1-mingw-w64-i686-arm-none-eabi/bin/../lib/gcc/arm-none-eabi/15.2.1/../../../../arm-none-eabi/lib/thumb/v7e-m+fp/hard\libc_nano.a(libc_a-freer.o)
                0x0800396c                _free_r

.text.malloc    0x08003a04       0x10
 .text.malloc   0x08003a04       0x10 C:/arm-gnu-toolchain-15.2.rel1-mingw-w64-i686-arm-none-eabi/bin/../lib/gcc/arm-none-eabi/15.2.1/../../../../arm-none-eabi/lib/thumb/v7e-m+fp/hard\libc_nano.a(libc_a-malloc.o)
                0x08003a04                malloc

.text.free      0x08003a14       0x10
 .text.free     0x08003a14       0x10 C:/arm-gnu-toolchain-15.2.rel1-mingw-w64-i686-arm-none-eabi/bin/../lib/gcc/arm-none-eabi/15.2.1/../../../../arm-none-eabi/lib/thumb/v7e-m+fp/hard\libc_nano.a(libc_a-malloc.o)
                0x08003a14                free

.text.sbrk_aligned
                0x08003a24       0x44
 .text.sbrk_aligned
                0x08003a24       0x44 C:/arm-gnu-toolchain-15.2.rel1-mingw-w64-i686-arm-none-eabi/bin/../lib/gcc/arm-none-eabi/15.2.1/../../../../arm-none-eabi/lib/thumb/v7e-m+fp/hard\libc_nano.a(libc_a-mallocr.o)

.text._malloc_r
                0x08003a68       0xf8
 .text._malloc_r
                0x08003a68       0xf8 C:/arm-gnu-toolchain-15.2.rel1-mingw-w64-i686-arm-none-eabi/bin/../lib/gcc/arm-none-eabi/15.2.1/../../../../arm-none-eabi/lib/thumb/v7e-m+fp/hard\libc_nano.a(libc_a-mallocr.o)
                0x08003a68                _malloc_r

.text.__malloc_lock
                0x08003b60        0xc
 .text.__malloc_lock
                0x08003b60        0xc C:/arm-gnu-toolchain-15.2.rel1-mingw-w64-i686-arm-none-eabi/bin/../lib/gcc/arm-none-eabi/15.2.1/../../../../arm-none-eabi/lib/thumb/v7e-m+fp/hard\libc_nano.a(libc_a-mlock.o)
                0x08003b60                __malloc_lock

.text.__malloc_unlock
                0x08003b6c        0xc
 .text.__malloc_unlock
                0x08003b6c        0xc C:/arm-gnu-toolchain-15.2.rel1-mingw-w64-i686-arm-none-eabi/bin/../lib/gcc/arm-none-eabi/15.2.1/../../../../arm-none-eabi/lib/thumb/v7e-m+fp/hard\libc_nano.a(libc_a-mlock.o)
                0x08003b6c                __malloc_unlock

.text._Balloc   0x08003b78       0x7c
 .text._Balloc  0x08003b78       0x7c C:/arm-gnu-toolchain-15.2.rel1-mingw-w64-i686-arm-none-eabi/bin/../lib/gcc/arm-none-eabi/15.2.1/../../../../arm-none-eabi/lib/thumb/v7e-m+fp/hard\libc_nano.a(libc_a-mprec.o)
                0x08003b78                _Balloc

.text._Bfree    0x08003bf4       0x44
 .text._Bfree   0x08003bf4       0x44 C:/arm-gnu-toolchain-15.2.rel1-mingw-w64-i686-arm-none-eabi/bin/../lib/gcc/arm-none-eabi/15.2.1/../../../../arm-none-eabi/lib/thumb/v7e-m+fp/hard\libc_nano.a(libc_a-mprec.o)
                0x08003bf4                _Bfree

.text.__multadd
                0x08003c38       0x8c
 .text.__multadd
                0x08003c38       0x8c C:/arm-gnu-toolchain-15.2.rel1-mingw-w64-i686-arm-none-eabi/bin/../lib/gcc/arm-none-eabi/15.2.1/../../../../arm-none-eabi/lib/thumb/v7e-m+fp/hard\libc_nano.a(libc_a-mprec.o)
                0x08003c38                __multadd

.text.__s2b     0x08003cc4       0x94
 .text.__s2b    0x08003cc4       0x94 C:/arm-gnu-toolchain-15.2.rel1-mingw-w64-i686-arm-none-eabi/bin/../lib/gcc/arm-none-eabi/15.2.1/../../../../arm-none-eabi/lib/thumb/v7e-m+fp/hard\libc_nano.a(libc_a-mprec.o)
                0x08003cc4                __s2b

.text.__hi0bits
                0x08003d58       0x3c
 .text.__hi0bits
                0x08003d58       0x3c C:/arm-gnu-toolchain-15.2.rel1-mingw-w64-i686-arm-none-eabi/bin/../lib/gcc/arm-none-eabi/15.2.1/../../../../arm-none-eabi/lib/thumb/v7e-m+fp/hard\libc_nano.a(libc_a-mprec.o)
                0x08003d58                __hi0bits

.text.__lo0bits
                0x08003d94       0x5c
 .text.__lo0bits
                0x08003d94       0x5c C:/arm-gnu-toolchain-15.2.rel1-mingw-w64-i686-arm-none-eabi/bin/../lib/gcc/arm-none-eabi/15.2.1/../../../../arm-none-eabi/lib/thumb/v7e-m+fp/hard\libc_nano.a(libc_a-mprec.o)
                0x08003d94                __lo0bits

.text.__i2b     0x08003df0       0x2c
 .text.__i2b    0x08003df0       0x2c C:/arm-gnu-toolchain-15.2.rel1-mingw-w64-i686-arm-none-eabi/bin/../lib/gcc/arm-none-eabi/15.2.1/../../../../arm-none-eabi/lib/thumb/v7e-m+fp/hard\libc_nano.a(libc_a-mprec.o)
                0x08003df0                __i2b

.text.__multiply
                0x08003e1c      0x16c
 .text.__multiply
                0x08003e1c      0x16c C:/arm-gnu-toolchain-15.2.rel1-mingw-w64-i686-arm-none-eabi/bin/../lib/gcc/arm-none-eabi/15.2.1/../../../../arm-none-eabi/lib/thumb/v7e-m+fp/hard\libc_nano.a(libc_a-mprec.o)
                0x08003e1c                __multiply

.text.__pow5mult
                0x08003f88       0xb8
 .text.__pow5mult
                0x08003f88       0xb8 C:/arm-gnu-toolchain-15.2.rel1-mingw-w64-i686-arm-none-eabi/bin/../lib/gcc/arm-none-eabi/15.2.1/../../../../arm-none-eabi/lib/thumb/v7e-m+fp/hard\libc_nano.a(libc_a-mprec.o)
                0x08003f88                __pow5mult

.text.__lshift  0x08004040       0xe4
 .text.__lshift
                0x08004040       0xe4 C:/arm-gnu-toolchain-15.2.rel1-mingw-w64-i686-arm-none-eabi/bin/../lib/gcc/arm-none-eabi/15.2.1/../../../../arm-none-eabi/lib/thumb/v7e-m+fp/hard\libc_nano.a(libc_a-mprec.o)
                0x08004040                __lshift

.text.__mcmp    0x08004124       0x36
 .text.__mcmp   0x08004124       0x36 C:/arm-gnu-toolchain-15.2.rel1-mingw-w64-i686-arm-none-eabi/bin/../lib/gcc/arm-none-eabi/15.2.1/../../../../arm-none-eabi/lib/thumb/v7e-m+fp/hard\libc_nano.a(libc_a-mprec.o)
                0x08004124                __mcmp

.text.__mdiff   0x0800415c      0x130
 .text.__mdiff  0x0800415c      0x130 C:/arm-gnu-toolchain-15.2.rel1-mingw-w64-i686-arm-none-eabi/bin/../lib/gcc/arm-none-eabi/15.2.1/../../../../arm-none-eabi/lib/thumb/v7e-m+fp/hard\libc_nano.a(libc_a-mprec.o)
                0x0800415c                __mdiff

.text.__ulp     0x0800428c       0x4c
 .text.__ulp    0x0800428c       0x4c C:/arm-gnu-toolchain-15.2.rel1-mingw-w64-i686-arm-none-eabi/bin/../lib/gcc/arm-none-eabi/15.2.1/../../../../arm-none-eabi/lib/thumb/v7e-m+fp/hard\libc_nano.a(libc_a-mprec.o)
                0x0800428c                __ulp

.text.__b2d     0x080042d8       0x92
 .text.__b2d    0x080042d8       0x92 C:/arm-gnu-toolchain-15.2.rel1-mingw-w64-i686-arm-none-eabi/bin/../lib/gcc/arm-none-eabi/15.2.1/../../../../arm-none-eabi/lib/thumb/v7e-m+fp/hard\libc_nano.a(libc_a-mprec.o)
                0x080042d8                __b2d

.text.__d2b     0x0800436c       0xb0
 .text.__d2b    0x0800436c       0xb0 C:/arm-gnu-toolchain-15.2.rel1-mingw-w64-i686-arm-none-eabi/bin/../lib/gcc/arm-none-eabi/15.2.1/../../../../arm-none-eabi/lib/thumb/v7e-m+fp/hard\libc_nano.a(libc_a-mprec.o)
                0x0800436c                __d2b

.text.__ratio   0x0800441c       0x62
 .text.__ratio  0x0800441c       0x62 C:/arm-gnu-toolchain-15.2.rel1-mingw-w64-i686-arm-none-eabi/bin/../lib/gcc/arm-none-eabi/15.2.1/../../../../arm-none-eabi/lib/thumb/v7e-m+fp/hard\libc_nano.a(libc_a-mprec.o)
                0x0800441c                __ratio

.text._mprec_log10
                0x08004480       0x3c
 .text._mprec_log10
                0x08004480       0x3c C:/arm-gnu-toolchain-15.2.rel1-mingw-w64-i686-arm-none-eabi/bin/../lib/gcc/arm-none-eabi/15.2.1/../../../../arm-none-eabi/lib/thumb/v7e-m+fp/hard\libc_nano.a(libc_a-mprec.o)
                0x08004480                _mprec_log10

.text.__copybits
                0x080044bc       0x46
 .text.__copybits
                0x080044bc       0x46 C:/arm-gnu-toolchain-15.2.rel1-mingw-w64-i686-arm-none-eabi/bin/../lib/gcc/arm-none-eabi/15.2.1/../../../../arm-none-eabi/lib/thumb/v7e-m+fp/hard\libc_nano.a(libc_a-mprec.o)
                0x080044bc                __copybits

.text.__any_on  0x08004502       0x42
 .text.__any_on
                0x08004502       0x42 C:/arm-gnu-toolchain-15.2.rel1-mingw-w64-i686-arm-none-eabi/bin/../lib/gcc/arm-none-eabi/15.2.1/../../../../arm-none-eabi/lib/thumb/v7e-m+fp/hard\libc_nano.a(libc_a-mprec.o)
                0x08004502                __any_on

.text.__ssputs_r
                0x08004544       0xc0
 .text.__ssputs_r
                0x08004544       0xc0 C:/arm-gnu-toolchain-15.2.rel1-mingw-w64-i686-arm-none-eabi/bin/../lib/gcc/arm-none-eabi/15.2.1/../../../../arm-none-eabi/lib/thumb/v7e-m+fp/hard\libc_nano.a(libc_a-nano-svfprintf.o)
                0x08004544                __ssputs_r

.text.__ssprint_r
                0x08004604       0xf4
 .text.__ssprint_r
                0x08004604       0xf4 C:/arm-gnu-toolchain-15.2.rel1-mingw-w64-i686-arm-none-eabi/bin/../lib/gcc/arm-none-eabi/15.2.1/../../../../arm-none-eabi/lib/thumb/v7e-m+fp/hard\libc_nano.a(libc_a-nano-svfprintf.o)
                0x08004604                __ssprint_r

.text._svfprintf_r
                0x080046f8      0x1f0
 .text._svfprintf_r
                0x080046f8      0x1f0 C:/arm-gnu-toolchain-15.2.rel1-mingw-w64-i686-arm-none-eabi/bin/../lib/gcc/arm-none-eabi/15.2.1/../../../../arm-none-eabi/lib/thumb/v7e-m+fp/hard\libc_nano.a(libc_a-nano-svfprintf.o)
                0x080046f8                _svfiprintf_r
                0x080046f8                _svfprintf_r

.text.__sfputc_r
                0x080048e8       0x2a
 .text.__sfputc_r
                0x080048e8       0x2a C:/arm-gnu-toolchain-15.2.rel1-mingw-w64-i686-arm-none-eabi/bin/../lib/gcc/arm-none-eabi/15.2.1/../../../../arm-none-eabi/lib/thumb/v7e-m+fp/hard\libc_nano.a(libc_a-nano-vfprintf.o)

.text.__sfputs_r
                0x08004912       0x24
 .text.__sfputs_r
                0x08004912       0x24 C:/arm-gnu-toolchain-15.2.rel1-mingw-w64-i686-arm-none-eabi/bin/../lib/gcc/arm-none-eabi/15.2.1/../../../../arm-none-eabi/lib/thumb/v7e-m+fp/hard\libc_nano.a(libc_a-nano-vfprintf.o)
                0x08004912                __sfputs_r

.text.__sprint_r
                0x08004936       0x1a
 .text.__sprint_r
                0x08004936       0x1a C:/arm-gnu-toolchain-15.2.rel1-mingw-w64-i686-arm-none-eabi/bin/../lib/gcc/arm-none-eabi/15.2.1/../../../../arm-none-eabi/lib/thumb/v7e-m+fp/hard\libc_nano.a(libc_a-nano-vfprintf.o)
                0x08004936                __sprint_r

.text._vfprintf_r
                0x08004950      0x228
 .text._vfprintf_r
                0x08004950      0x228 C:/arm-gnu-toolchain-15.2.rel1-mingw-w64-i686-arm-none-eabi/bin/../lib/gcc/arm-none-eabi/15.2.1/../../../../arm-none-eabi/lib/thumb/v7e-m+fp/hard\libc_nano.a(libc_a-nano-vfprintf.o)
                0x08004950                _vfprintf_r
                0x08004950                _vfiprintf_r

.text.vfprintf  0x08004b78       0x14
 .text.vfprintf
                0x08004b78       0x14 C:/arm-gnu-toolchain-15.2.rel1-mingw-w64-i686-arm-none-eabi/bin/../lib/gcc/arm-none-eabi/15.2.1/../../../../arm-none-eabi/lib/thumb/v7e-m+fp/hard\libc_nano.a(libc_a-nano-vfprintf.o)
                0x08004b78                vfprintf
                0x08004b78                vfiprintf

.text.__sflush_r
                0x08004b8c      0x100
 .text.__sflush_r
                0x08004b8c      0x100 C:/arm-gnu-toolchain-15.2.rel1-mingw-w64-i686-arm-none-eabi/bin/../lib/gcc/arm-none-eabi/15.2.1/../../../../arm-none-eabi/lib/thumb/v7e-m+fp/hard\libc_nano.a(libc_a-fflush.o)
                0x08004b8c                __sflush_r

.text._fflush_r
                0x08004c8c       0x50
 .text._fflush_r
                0x08004c8c       0x50 C:/arm-gnu-toolchain-15.2.rel1-mingw-w64-i686-arm-none-eabi/bin/../lib/gcc/arm-none-eabi/15.2.1/../../../../arm-none-eabi/lib/thumb/v7e-m+fp/hard\libc_nano.a(libc_a-fflush.o)
                0x08004c8c                _fflush_r

.text.fflush    0x08004cdc       0x28
 .text.fflush   0x08004cdc       0x28 C:/arm-gnu-toolchain-15.2.rel1-mingw-w64-i686-arm-none-eabi/bin/../lib/gcc/arm-none-eabi/15.2.1/../../../../arm-none-eabi/lib/thumb/v7e-m+fp/hard\libc_nano.a(libc_a-fflush.o)
                0x08004cdc                fflush

.text.std       0x08004d04       0x6c
 .text.std      0x08004d04       0x6c C:/arm-gnu-toolchain-15.2.rel1-mingw-w64-i686-arm-none-eabi/bin/../lib/gcc/arm-none-eabi/15.2.1/../../../../arm-none-eabi/lib/thumb/v7e-m+fp/hard\libc_nano.a(libc_a-findfp.o)

.text.stdio_exit_handler
                0x08004d70       0x18
 .text.stdio_exit_handler
                0x08004d70       0x18 C:/arm-gnu-toolchain-15.2.rel1-mingw-w64-i686-arm-none-eabi/bin/../lib/gcc/arm-none-eabi/15.2.1/../../../../arm-none-eabi/lib/thumb/v7e-m+fp/hard\libc_nano.a(libc_a-findfp.o)

.text.cleanup_stdio
                0x08004d88       0x40
 .text.cleanup_stdio
                0x08004d88       0x40 C:/arm-gnu-toolchain-15.2.rel1-mingw-w64-i686-arm-none-eabi/bin/../lib/gcc/arm-none-eabi/15.2.1/../../../../arm-none-eabi/lib/thumb/v7e-m+fp/hard\libc_nano.a(libc_a-findfp.o)

.text.__fp_lock
                0x08004dc8       0x18
 .text.__fp_lock
                0x08004dc8       0x18 C:/arm-gnu-toolchain-15.2.rel1-mingw-w64-i686-arm-none-eabi/bin/../lib/gcc/arm-none-eabi/15.2.1/../../../../arm-none-eabi/lib/thumb/v7e-m+fp/hard\libc_nano.a(libc_a-findfp.o)

.text.__fp_unlock
                0x08004de0       0x18
 .text.__fp_unlock
                0x08004de0       0x18 C:/arm-gnu-toolchain-15.2.rel1-mingw-w64-i686-arm-none-eabi/bin/../lib/gcc/arm-none-eabi/15.2.1/../../../../arm-none-eabi/lib/thumb/v7e-m+fp/hard\libc_nano.a(libc_a-findfp.o)

.text.global_stdio_init.part.0
                0x08004df8       0x40
 .text.global_stdio_init.part.0
                0x08004df8       0x40 C:/arm-gnu-toolchain-15.2.rel1-mingw-w64-i686-arm-none-eabi/bin/../lib/gcc/arm-none-eabi/15.2.1/../../../../arm-none-eabi/lib/thumb/v7e-m+fp/hard\libc_nano.a(libc_a-findfp.o)

.text.__sfp_lock_acquire
                0x08004e38        0xc
 .text.__sfp_lock_acquire
                0x08004e38        0xc C:/arm-gnu-toolchain-15.2.rel1-mingw-w64-i686-arm-none-eabi/bin/../lib/gcc/arm-none-eabi/15.2.1/../../../../arm-none-eabi/lib/thumb/v7e-m+fp/hard\libc_nano.a(libc_a-findfp.o)
                0x08004e38                __sfp_lock_acquire

.text.__sfp_lock_release
                0x08004e44        0xc
 .text.__sfp_lock_release
                0x08004e44        0xc C:/arm-gnu-toolchain-15.2.rel1-mingw-w64-i686-arm-none-eabi/bin/../lib/gcc/arm-none-eabi/15.2.1/../../../../arm-none-eabi/lib/thumb/v7e-m+fp/hard\libc_nano.a(libc_a-findfp.o)
                0x08004e44                __sfp_lock_release

.text.__sfp     0x08004e50       0xa4
 .text.__sfp    0x08004e50       0xa4 C:/arm-gnu-toolchain-15.2.rel1-mingw-w64-i686-arm-none-eabi/bin/../lib/gcc/arm-none-eabi/15.2.1/../../../../arm-none-eabi/lib/thumb/v7e-m+fp/hard\libc_nano.a(libc_a-findfp.o)
                0x08004e50                __sfp

.text.__sinit   0x08004ef4       0x30
 .text.__sinit  0x08004ef4       0x30 C:/arm-gnu-toolchain-15.2.rel1-mingw-w64-i686-arm-none-eabi/bin/../lib/gcc/arm-none-eabi/15.2.1/../../../../arm-none-eabi/lib/thumb/v7e-m+fp/hard\libc_nano.a(libc_a-findfp.o)
                0x08004ef4                __sinit

.text.__fp_lock_all
                0x08004f24       0x1c
 .text.__fp_lock_all
                0x08004f24       0x1c C:/arm-gnu-toolchain-15.2.rel1-mingw-w64-i686-arm-none-eabi/bin/../lib/gcc/arm-none-eabi/15.2.1/../../../../arm-none-eabi/lib/thumb/v7e-m+fp/hard\libc_nano.a(libc_a-findfp.o)
                0x08004f24                __fp_lock_all

.text.__fp_unlock_all
                0x08004f40       0x1c
 .text.__fp_unlock_all
                0x08004f40       0x1c C:/arm-gnu-toolchain-15.2.rel1-mingw-w64-i686-arm-none-eabi/bin/../lib/gcc/arm-none-eabi/15.2.1/../../../../arm-none-eabi/lib/thumb/v7e-m+fp/hard\libc_nano.a(libc_a-findfp.o)
                0x08004f40                __fp_unlock_all

.text._fprintf_r
                0x08004f5c       0x1a
 .text._fprintf_r
                0x08004f5c       0x1a C:/arm-gnu-toolchain-15.2.rel1-mingw-w64-i686-arm-none-eabi/bin/../lib/gcc/arm-none-eabi/15.2.1/../../../../arm-none-eabi/lib/thumb/v7e-m+fp/hard\libc_nano.a(libc_a-fprintf.o)
                0x08004f5c                _fiprintf_r
                0x08004f5c                _fprintf_r

.text.fprintf   0x08004f78       0x24
 .text.fprintf  0x08004f78       0x24 C:/arm-gnu-toolchain-15.2.rel1-mingw-w64-i686-arm-none-eabi/bin/../lib/gcc/arm-none-eabi/15.2.1/../../../../arm-none-eabi/lib/thumb/v7e-m+fp/hard\libc_nano.a(libc_a-fprintf.o)
                0x08004f78                fiprintf
                0x08004f78                fprintf

.text.__sfvwrite_r
                0x08004f9c      0x2a0
 .text.__sfvwrite_r
                0x08004f9c      0x2a0 C:/arm-gnu-toolchain-15.2.rel1-mingw-w64-i686-arm-none-eabi/bin/../lib/gcc/arm-none-eabi/15.2.1/../../../../arm-none-eabi/lib/thumb/v7e-m+fp/hard\libc_nano.a(libc_a-fvwrite.o)
                0x08004f9c                __sfvwrite_r

.text._fwalk_sglue
                0x0800523c       0x3a
 .text._fwalk_sglue
                0x0800523c       0x3a C:/arm-gnu-toolchain-15.2.rel1-mingw-w64-i686-arm-none-eabi/bin/../lib/gcc/arm-none-eabi/15.2.1/../../../../arm-none-eabi/lib/thumb/v7e-m+fp/hard\libc_nano.a(libc_a-fwalk.o)
                0x0800523c                _fwalk_sglue

.text.__swhatbuf_r
                0x08005276       0x48
 .text.__swhatbuf_r
                0x08005276       0x48 C:/arm-gnu-toolchain-15.2.rel1-mingw-w64-i686-arm-none-eabi/bin/../lib/gcc/arm-none-eabi/15.2.1/../../../../arm-none-eabi/lib/thumb/v7e-m+fp/hard\libc_nano.a(libc_a-makebuf.o)
                0x08005276                __swhatbuf_r

.text.__smakebuf_r
                0x080052be       0x72
 .text.__smakebuf_r
                0x080052be       0x72 C:/arm-gnu-toolchain-15.2.rel1-mingw-w64-i686-arm-none-eabi/bin/../lib/gcc/arm-none-eabi/15.2.1/../../../../arm-none-eabi/lib/thumb/v7e-m+fp/hard\libc_nano.a(libc_a-makebuf.o)
                0x080052be                __smakebuf_r

.text.__sread   0x08005330       0x22
 .text.__sread  0x08005330       0x22 C:/arm-gnu-toolchain-15.2.rel1-mingw-w64-i686-arm-none-eabi/bin/../lib/gcc/arm-none-eabi/15.2.1/../../../../arm-none-eabi/lib/thumb/v7e-m+fp/hard\libc_nano.a(libc_a-stdio.o)
                0x08005330                __sread

.text.__seofread
                0x08005352        0x4
 .text.__seofread
                0x08005352        0x4 C:/arm-gnu-toolchain-15.2.rel1-mingw-w64-i686-arm-none-eabi/bin/../lib/gcc/arm-none-eabi/15.2.1/../../../../arm-none-eabi/lib/thumb/v7e-m+fp/hard\libc_nano.a(libc_a-stdio.o)
                0x08005352                __seofread

.text.__swrite  0x08005356       0x38
 .text.__swrite
                0x08005356       0x38 C:/arm-gnu-toolchain-15.2.rel1-mingw-w64-i686-arm-none-eabi/bin/../lib/gcc/arm-none-eabi/15.2.1/../../../../arm-none-eabi/lib/thumb/v7e-m+fp/hard\libc_nano.a(libc_a-stdio.o)
                0x08005356                __swrite

.text.__sseek   0x0800538e       0x26
 .text.__sseek  0x0800538e       0x26 C:/arm-gnu-toolchain-15.2.rel1-mingw-w64-i686-arm-none-eabi/bin/../lib/gcc/arm-none-eabi/15.2.1/../../../../arm-none-eabi/lib/thumb/v7e-m+fp/hard\libc_nano.a(libc_a-stdio.o)
                0x0800538e                __sseek

.text.__sclose  0x080053b4        0x8
 .text.__sclose
                0x080053b4        0x8 C:/arm-gnu-toolchain-15.2.rel1-mingw-w64-i686-arm-none-eabi/bin/../lib/gcc/arm-none-eabi/15.2.1/../../../../arm-none-eabi/lib/thumb/v7e-m+fp/hard\libc_nano.a(libc_a-stdio.o)
                0x080053b4                __sclose

.text.__swbuf_r
                0x080053bc       0x7a
 .text.__swbuf_r
                0x080053bc       0x7a C:/arm-gnu-toolchain-15.2.rel1-mingw-w64-i686-arm-none-eabi/bin/../lib/gcc/arm-none-eabi/15.2.1/../../../../arm-none-eabi/lib/thumb/v7e-m+fp/hard\libc_nano.a(libc_a-wbuf.o)
                0x080053bc                __swbuf_r

.text.__swbuf   0x08005438       0x10
 .text.__swbuf  0x08005438       0x10 C:/arm-gnu-toolchain-15.2.rel1-mingw-w64-i686-arm-none-eabi/bin/../lib/gcc/arm-none-eabi/15.2.1/../../../../arm-none-eabi/lib/thumb/v7e-m+fp/hard\libc_nano.a(libc_a-wbuf.o)
                0x08005438                __swbuf

.text.__swsetup_r
                0x08005448       0xa8
 .text.__swsetup_r
                0x08005448       0xa8 C:/arm-gnu-toolchain-15.2.rel1-mingw-w64-i686-arm-none-eabi/bin/../lib/gcc/arm-none-eabi/15.2.1/../../../../arm-none-eabi/lib/thumb/v7e-m+fp/hard\libc_nano.a(libc_a-wsetup.o)
                0x08005448                __swsetup_r

.text.memmove   0x080054f0       0x32
 .text.memmove  0x080054f0       0x32 C:/arm-gnu-toolchain-15.2.rel1-mingw-w64-i686-arm-none-eabi/bin/../lib/gcc/arm-none-eabi/15.2.1/../../../../arm-none-eabi/lib/thumb/v7e-m+fp/hard\libc_nano.a(libc_a-memmove.o)
                0x080054f0                memmove

.text.memset    0x08005522       0x10
 .text.memset   0x08005522       0x10 C:/arm-gnu-toolchain-15.2.rel1-mingw-w64-i686-arm-none-eabi/bin/../lib/gcc/arm-none-eabi/15.2.1/../../../../arm-none-eabi/lib/thumb/v7e-m+fp/hard\libc_nano.a(libc_a-memset.o)
                0x08005522                memset

.text._setlocale_r
                0x08005534       0x3c
 .text._setlocale_r
                0x08005534       0x3c C:/arm-gnu-toolchain-15.2.rel1-mingw-w64-i686-arm-none-eabi/bin/../lib/gcc/arm-none-eabi/15.2.1/../../../../arm-none-eabi/lib/thumb/v7e-m+fp/hard\libc_nano.a(libc_a-locale.o)
                0x08005534                _setlocale_r

.text.__locale_mb_cur_max
                0x08005570        0xc
 .text.__locale_mb_cur_max
                0x08005570        0xc C:/arm-gnu-toolchain-15.2.rel1-mingw-w64-i686-arm-none-eabi/bin/../lib/gcc/arm-none-eabi/15.2.1/../../../../arm-none-eabi/lib/thumb/v7e-m+fp/hard\libc_nano.a(libc_a-locale.o)
                0x08005570                __locale_mb_cur_max

.text.setlocale
                0x0800557c       0x10
 .text.setlocale
                0x0800557c       0x10 C:/arm-gnu-toolchain-15.2.rel1-mingw-w64-i686-arm-none-eabi/bin/../lib/gcc/arm-none-eabi/15.2.1/../../../../arm-none-eabi/lib/thumb/v7e-m+fp/hard\libc_nano.a(libc_a-locale.o)
                0x0800557c                setlocale

.text._close_r  0x0800558c       0x20
 .text._close_r
                0x0800558c       0x20 C:/arm-gnu-toolchain-15.2.rel1-mingw-w64-i686-arm-none-eabi/bin/../lib/gcc/arm-none-eabi/15.2.1/../../../../arm-none-eabi/lib/thumb/v7e-m+fp/hard\libc_nano.a(libc_a-closer.o)
                0x0800558c                _close_r

.text._reclaim_reent
                0x080055ac       0xbc
 .text._reclaim_reent
                0x080055ac       0xbc C:/arm-gnu-toolchain-15.2.rel1-mingw-w64-i686-arm-none-eabi/bin/../lib/gcc/arm-none-eabi/15.2.1/../../../../arm-none-eabi/lib/thumb/v7e-m+fp/hard\libc_nano.a(libc_a-reent.o)
                0x080055ac                _reclaim_reent

.text._fstat_r  0x08005668       0x24
 .text._fstat_r
                0x08005668       0x24 C:/arm-gnu-toolchain-15.2.rel1-mingw-w64-i686-arm-none-eabi/bin/../lib/gcc/arm-none-eabi/15.2.1/../../../../arm-none-eabi/lib/thumb/v7e-m+fp/hard\libc_nano.a(libc_a-fstatr.o)
                0x08005668                _fstat_r

.text._isatty_r
                0x0800568c       0x20
 .text._isatty_r
                0x0800568c       0x20 C:/arm-gnu-toolchain-15.2.rel1-mingw-w64-i686-arm-none-eabi/bin/../lib/gcc/arm-none-eabi/15.2.1/../../../../arm-none-eabi/lib/thumb/v7e-m+fp/hard\libc_nano.a(libc_a-isattyr.o)
                0x0800568c                _isatty_r

.text._lseek_r  0x080056ac       0x24
 .text._lseek_r
                0x080056ac       0x24 C:/arm-gnu-toolchain-15.2.rel1-mingw-w64-i686-arm-none-eabi/bin/../lib/gcc/arm-none-eabi/15.2.1/../../../../arm-none-eabi/lib/thumb/v7e-m+fp/hard\libc_nano.a(libc_a-lseekr.o)
                0x080056ac                _lseek_r

.text._read_r   0x080056d0       0x24
 .text._read_r  0x080056d0       0x24 C:/arm-gnu-toolchain-15.2.rel1-mingw-w64-i686-arm-none-eabi/bin/../lib/gcc/arm-none-eabi/15.2.1/../../../../arm-none-eabi/lib/thumb/v7e-m+fp/hard\libc_nano.a(libc_a-readr.o)
                0x080056d0                _read_r

.text._sbrk_r   0x080056f4       0x20
 .text._sbrk_r  0x080056f4       0x20 C:/arm-gnu-toolchain-15.2.rel1-mingw-w64-i686-arm-none-eabi/bin/../lib/gcc/arm-none-eabi/15.2.1/../../../../arm-none-eabi/lib/thumb/v7e-m+fp/hard\libc_nano.a(libc_a-sbrkr.o)
                0x080056f4                _sbrk_r

.text._write_r  0x08005714       0x24
 .text._write_r
                0x08005714       0x24 C:/arm-gnu-toolchain-15.2.rel1-mingw-w64-i686-arm-none-eabi/bin/../lib/gcc/arm-none-eabi/15.2.1/../../../../arm-none-eabi/lib/thumb/v7e-m+fp/hard\libc_nano.a(libc_a-writer.o)
                0x08005714                _write_r

.text.memcpy    0x08005738       0x1c
 .text.memcpy   0x08005738       0x1c C:/arm-gnu-toolchain-15.2.rel1-mingw-w64-i686-arm-none-eabi/bin/../lib/gcc/arm-none-eabi/15.2.1/../../../../arm-none-eabi/lib/thumb/v7e-m+fp/hard\libc_nano.a(libc_a-memcpy-stub.o)
                0x08005738                memcpy

.text.abort     0x08005754        0xe
 .text.abort    0x08005754        0xe C:/arm-gnu-toolchain-15.2.rel1-mingw-w64-i686-arm-none-eabi/bin/../lib/gcc/arm-none-eabi/15.2.1/../../../../arm-none-eabi/lib/thumb/v7e-m+fp/hard\libc_nano.a(libc_a-abort.o)
                0x08005754                abort

.text._calloc_r
                0x08005762       0x28
 .text._calloc_r
                0x08005762       0x28 C:/arm-gnu-toolchain-15.2.rel1-mingw-w64-i686-arm-none-eabi/bin/../lib/gcc/arm-none-eabi/15.2.1/../../../../arm-none-eabi/lib/thumb/v7e-m+fp/hard\libc_nano.a(libc_a-callocr.o)
                0x08005762                _calloc_r

.text._mbtowc_r
                0x0800578c       0x10
 .text._mbtowc_r
                0x0800578c       0x10 C:/arm-gnu-toolchain-15.2.rel1-mingw-w64-i686-arm-none-eabi/bin/../lib/gcc/arm-none-eabi/15.2.1/../../../../arm-none-eabi/lib/thumb/v7e-m+fp/hard\libc_nano.a(libc_a-mbtowc_r.o)
                0x0800578c                _mbtowc_r

.text.__ascii_mbtowc
                0x0800579c       0x24
 .text.__ascii_mbtowc
                0x0800579c       0x24 C:/arm-gnu-toolchain-15.2.rel1-mingw-w64-i686-arm-none-eabi/bin/../lib/gcc/arm-none-eabi/15.2.1/../../../../arm-none-eabi/lib/thumb/v7e-m+fp/hard\libc_nano.a(libc_a-mbtowc_r.o)
                0x0800579c                __ascii_mbtowc

.text._realloc_r
                0x080057c0       0x5c
 .text._realloc_r
                0x080057c0       0x5c C:/arm-gnu-toolchain-15.2.rel1-mingw-w64-i686-arm-none-eabi/bin/../lib/gcc/arm-none-eabi/15.2.1/../../../../arm-none-eabi/lib/thumb/v7e-m+fp/hard\libc_nano.a(libc_a-reallocr.o)
                0x080057c0                _realloc_r

.text._wctomb_r
                0x0800581c       0x10
 .text._wctomb_r
                0x0800581c       0x10 C:/arm-gnu-toolchain-15.2.rel1-mingw-w64-i686-arm-none-eabi/bin/../lib/gcc/arm-none-eabi/15.2.1/../../../../arm-none-eabi/lib/thumb/v7e-m+fp/hard\libc_nano.a(libc_a-wctomb_r.o)
                0x0800581c                _wctomb_r

.text.__ascii_wctomb
                0x0800582c       0x1a
 .text.__ascii_wctomb
                0x0800582c       0x1a C:/arm-gnu-toolchain-15.2.rel1-mingw-w64-i686-arm-none-eabi/bin/../lib/gcc/arm-none-eabi/15.2.1/../../../../arm-none-eabi/lib/thumb/v7e-m+fp/hard\libc_nano.a(libc_a-wctomb_r.o)
                0x0800582c                __ascii_wctomb

.text._init_signal_r
                0x08005846       0x28
 .text._init_signal_r
                0x08005846       0x28 C:/arm-gnu-toolchain-15.2.rel1-mingw-w64-i686-arm-none-eabi/bin/../lib/gcc/arm-none-eabi/15.2.1/../../../../arm-none-eabi/lib/thumb/v7e-m+fp/hard\libc_nano.a(libc_a-signal.o)
                0x08005846                _init_signal_r

.text._signal_r
                0x0800586e       0x30
 .text._signal_r
                0x0800586e       0x30 C:/arm-gnu-toolchain-15.2.rel1-mingw-w64-i686-arm-none-eabi/bin/../lib/gcc/arm-none-eabi/15.2.1/../../../../arm-none-eabi/lib/thumb/v7e-m+fp/hard\libc_nano.a(libc_a-signal.o)
                0x0800586e                _signal_r

.text._raise_r  0x0800589e       0x50
 .text._raise_r
                0x0800589e       0x50 C:/arm-gnu-toolchain-15.2.rel1-mingw-w64-i686-arm-none-eabi/bin/../lib/gcc/arm-none-eabi/15.2.1/../../../../arm-none-eabi/lib/thumb/v7e-m+fp/hard\libc_nano.a(libc_a-signal.o)
                0x0800589e                _raise_r

.text.__sigtramp_r
                0x080058ee       0x48
 .text.__sigtramp_r
                0x080058ee       0x48 C:/arm-gnu-toolchain-15.2.rel1-mingw-w64-i686-arm-none-eabi/bin/../lib/gcc/arm-none-eabi/15.2.1/../../../../arm-none-eabi/lib/thumb/v7e-m+fp/hard\libc_nano.a(libc_a-signal.o)
                0x080058ee                __sigtramp_r

.text.raise     0x08005938       0x10
 .text.raise    0x08005938       0x10 C:/arm-gnu-toolchain-15.2.rel1-mingw-w64-i686-arm-none-eabi/bin/../lib/gcc/arm-none-eabi/15.2.1/../../../../arm-none-eabi/lib/thumb/v7e-m+fp/hard\libc_nano.a(libc_a-signal.o)
                0x08005938                raise

.text.signal    0x08005948       0x10
 .text.signal   0x08005948       0x10 C:/arm-gnu-toolchain-15.2.rel1-mingw-w64-i686-arm-none-eabi/bin/../lib/gcc/arm-none-eabi/15.2.1/../../../../arm-none-eabi/lib/thumb/v7e-m+fp/hard\libc_nano.a(libc_a-signal.o)
                0x08005948                signal

.text._init_signal
                0x08005958        0xc
 .text._init_signal
                0x08005958        0xc C:/arm-gnu-toolchain-15.2.rel1-mingw-w64-i686-arm-none-eabi/bin/../lib/gcc/arm-none-eabi/15.2.1/../../../../arm-none-eabi/lib/thumb/v7e-m+fp/hard\libc_nano.a(libc_a-signal.o)
                0x08005958                _init_signal

.text.__sigtramp
                0x08005964       0x10
 .text.__sigtramp
                0x08005964       0x10 C:/arm-gnu-toolchain-15.2.rel1-mingw-w64-i686-arm-none-eabi/bin/../lib/gcc/arm-none-eabi/15.2.1/../../../../arm-none-eabi/lib/thumb/v7e-m+fp/hard\libc_nano.a(libc_a-signal.o)
                0x08005964                __sigtramp

.text._kill_r   0x08005974       0x24
 .text._kill_r  0x08005974       0x24 C:/arm-gnu-toolchain-15.2.rel1-mingw-w64-i686-arm-none-eabi/bin/../lib/gcc/arm-none-eabi/15.2.1/../../../../arm-none-eabi/lib/thumb/v7e-m+fp/hard\libc_nano.a(libc_a-signalr.o)
                0x08005974                _kill_r

.text._getpid_r
                0x08005998        0x4
 .text._getpid_r
                0x08005998        0x4 C:/arm-gnu-toolchain-15.2.rel1-mingw-w64-i686-arm-none-eabi/bin/../lib/gcc/arm-none-eabi/15.2.1/../../../../arm-none-eabi/lib/thumb/v7e-m+fp/hard\libc_nano.a(libc_a-signalr.o)
                0x08005998                _getpid_r

.text._malloc_usable_size_r
                0x0800599c       0x10
 .text._malloc_usable_size_r
                0x0800599c       0x10 C:/arm-gnu-toolchain-15.2.rel1-mingw-w64-i686-arm-none-eabi/bin/../lib/gcc/arm-none-eabi/15.2.1/../../../../arm-none-eabi/lib/thumb/v7e-m+fp/hard\libc_nano.a(libc_a-msizer.o)
                0x0800599c                _malloc_usable_size_r

.text._exit     0x080059ac        0x4
 .text._exit    0x080059ac        0x4 C:/arm-gnu-toolchain-15.2.rel1-mingw-w64-i686-arm-none-eabi/bin/../lib/gcc/arm-none-eabi/15.2.1/../../../../arm-none-eabi/lib/thumb/v7e-m+fp/hard\libnosys.a(_exit.o)
                0x080059ac                _exit

.ARM.extab      0x080059b0        0x0
 *(.ARM.extab* .gnu.linkonce.armextab.*)
 .ARM.extab     0x080059b0        0x0 C:/arm-gnu-toolchain-15.2.rel1-mingw-w64-i686-arm-none-eabi/bin/../lib/gcc/arm-none-eabi/15.2.1/../../../../arm-none-eabi/lib/thumb/v7e-m+fp/hard\libc_nano.a(libc_a-memchr.o)
 .ARM.extab     0x080059b0        0x0 C:/arm-gnu-toolchain-15.2.rel1-mingw-w64-i686-arm-none-eabi/bin/../lib/gcc/arm-none-eabi/15.2.1/../../../../arm-none-eabi/lib/thumb/v7e-m+fp/hard\libc_nano.a(libc_a-strlen.o)
 .ARM.extab     0x080059b0        0x0 C:/arm-gnu-toolchain-15.2.rel1-mingw-w64-i686-arm-none-eabi/bin/../lib/gcc/arm-none-eabi/15.2.1/../../../../arm-none-eabi/lib/thumb/v7e-m+fp/hard\libc_nano.a(libc_a-strcmp.o)
                0x080059b0                        . = ALIGN (0x4)

.ARM.exidx      0x080059b0        0x8
 *(.ARM.exidx* .gnu.linkonce.armexidx.*)
 .ARM.exidx     0x080059b0        0x8 C:/arm-gnu-toolchain-15.2.rel1-mingw-w64-i686-arm-none-eabi/bin/../lib/gcc/arm-none-eabi/15.2.1/../../../../arm-none-eabi/lib/thumb/v7e-m+fp/hard\libc_nano.a(libc_a-memchr.o)
 .ARM.exidx     0x080059b8        0x0 C:/arm-gnu-toolchain-15.2.rel1-mingw-w64-i686-arm-none-eabi/bin/../lib/gcc/arm-none-eabi/15.2.1/../../../../arm-none-eabi/lib/thumb/v7e-m+fp/hard\libc_nano.a(libc_a-strlen.o)
                                  0x8 (size before relaxing)
 .ARM.exidx     0x080059b8        0x0 C:/arm-gnu-toolchain-15.2.rel1-mingw-w64-i686-arm-none-eabi/bin/../lib/gcc/arm-none-eabi/15.2.1/../../../../arm-none-eabi/lib/thumb/v7e-m+fp/hard\libc_nano.a(libc_a-strcmp.o)
                                  0x8 (size before relaxing)
                0x080059b8                        . = ALIGN (0x4)

.rodata         0x080059b8      0x490
 *(.rodata)
 .rodata        0x080059b8       0x18 system_stm32f4xx.o
                0x080059b8                AHBPrescTable
                0x080059c8                APBPrescTable
 *(.rodata.*)
 .rodata.str1.4
                0x080059d0       0x7c exception.o
                                 0x2e (size before relaxing)
 .rodata.str1.4
                0x08005a4c        0x0 main.o
                                 0x3a (size before relaxing)
 .rodata.str1.4
                0x08005a4c        0x0 ws2812.o
                                 0x12 (size before relaxing)
 .rodata.srand.str1.1
                0x08005a4c      0x1cc C:/arm-gnu-toolchain-15.2.rel1-mingw-w64-i686-arm-none-eabi/bin/../lib/gcc/arm-none-eabi/15.2.1/../../../../arm-none-eabi/lib/thumb/v7e-m+fp/hard\libc_nano.a(libc_a-rand.o)
                                 0x70 (size before relaxing)
 .rodata._printf_float.str1.1
                0x08005c18        0x0 C:/arm-gnu-toolchain-15.2.rel1-mingw-w64-i686-arm-none-eabi/bin/../lib/gcc/arm-none-eabi/15.2.1/../../../../arm-none-eabi/lib/thumb/v7e-m+fp/hard\libc_nano.a(libc_a-nano-vfprintf_float.o)
                                 0x12 (size before relaxing)
 .rodata._printf_i.str1.1
                0x08005c18        0x0 C:/arm-gnu-toolchain-15.2.rel1-mingw-w64-i686-arm-none-eabi/bin/../lib/gcc/arm-none-eabi/15.2.1/../../../../arm-none-eabi/lib/thumb/v7e-m+fp/hard\libc_nano.a(libc_a-nano-vfprintf_i.o)
                                 0x22 (size before relaxing)
 .rodata.__assert_func.str1.1
                0x08005c18        0x0 C:/arm-gnu-toolchain-15.2.rel1-mingw-w64-i686-arm-none-eabi/bin/../lib/gcc/arm-none-eabi/15.2.1/../../../../arm-none-eabi/lib/thumb/v7e-m+fp/hard\libc_nano.a(libc_a-assert.o)
                                 0x3d (size before relaxing)
 .rodata._dtoa_r.str1.1
                0x08005c18        0x0 C:/arm-gnu-toolchain-15.2.rel1-mingw-w64-i686-arm-none-eabi/bin/../lib/gcc/arm-none-eabi/15.2.1/../../../../arm-none-eabi/lib/thumb/v7e-m+fp/hard\libc_nano.a(libc_a-dtoa.o)
                                 0x90 (size before relaxing)
 .rodata._Balloc.str1.1
                0x08005c18        0x0 C:/arm-gnu-toolchain-15.2.rel1-mingw-w64-i686-arm-none-eabi/bin/../lib/gcc/arm-none-eabi/15.2.1/../../../../arm-none-eabi/lib/thumb/v7e-m+fp/hard\libc_nano.a(libc_a-mprec.o)
                                 0x71 (size before relaxing)
 .rodata.__multadd.str1.1
                0x08005c18        0x0 C:/arm-gnu-toolchain-15.2.rel1-mingw-w64-i686-arm-none-eabi/bin/../lib/gcc/arm-none-eabi/15.2.1/../../../../arm-none-eabi/lib/thumb/v7e-m+fp/hard\libc_nano.a(libc_a-mprec.o)
                                 0x11 (size before relaxing)
 .rodata.p05.0  0x08005c18        0xc C:/arm-gnu-toolchain-15.2.rel1-mingw-w64-i686-arm-none-eabi/bin/../lib/gcc/arm-none-eabi/15.2.1/../../../../arm-none-eabi/lib/thumb/v7e-m+fp/hard\libc_nano.a(libc_a-mprec.o)
 *fill*         0x08005c24        0x4 
 .rodata.__mprec_tinytens
                0x08005c28       0x28 C:/arm-gnu-toolchain-15.2.rel1-mingw-w64-i686-arm-none-eabi/bin/../lib/gcc/arm-none-eabi/15.2.1/../../../../arm-none-eabi/lib/thumb/v7e-m+fp/hard\libc_nano.a(libc_a-mprec.o)
                0x08005c28                __mprec_tinytens
 .rodata.__mprec_bigtens
                0x08005c50       0x28 C:/arm-gnu-toolchain-15.2.rel1-mingw-w64-i686-arm-none-eabi/bin/../lib/gcc/arm-none-eabi/15.2.1/../../../../arm-none-eabi/lib/thumb/v7e-m+fp/hard\libc_nano.a(libc_a-mprec.o)
                0x08005c50                __mprec_bigtens
 .rodata.__mprec_tens
                0x08005c78       0xc8 C:/arm-gnu-toolchain-15.2.rel1-mingw-w64-i686-arm-none-eabi/bin/../lib/gcc/arm-none-eabi/15.2.1/../../../../arm-none-eabi/lib/thumb/v7e-m+fp/hard\libc_nano.a(libc_a-mprec.o)
                0x08005c78                __mprec_tens
 .rodata._svfprintf_r.str1.1
                0x08005d40        0x0 C:/arm-gnu-toolchain-15.2.rel1-mingw-w64-i686-arm-none-eabi/bin/../lib/gcc/arm-none-eabi/15.2.1/../../../../arm-none-eabi/lib/thumb/v7e-m+fp/hard\libc_nano.a(libc_a-nano-svfprintf.o)
                                 0x11 (size before relaxing)
 .rodata._vfprintf_r.str1.1
                0x08005d40        0x0 C:/arm-gnu-toolchain-15.2.rel1-mingw-w64-i686-arm-none-eabi/bin/../lib/gcc/arm-none-eabi/15.2.1/../../../../arm-none-eabi/lib/thumb/v7e-m+fp/hard\libc_nano.a(libc_a-nano-vfprintf.o)
                                 0x11 (size before relaxing)
 .rodata._setlocale_r.str1.1
                0x08005d40        0x0 C:/arm-gnu-toolchain-15.2.rel1-mingw-w64-i686-arm-none-eabi/bin/../lib/gcc/arm-none-eabi/15.2.1/../../../../arm-none-eabi/lib/thumb/v7e-m+fp/hard\libc_nano.a(libc_a-locale.o)
                                  0x9 (size before relaxing)
 .rodata.str1.1
                0x08005d40        0x0 C:/arm-gnu-toolchain-15.2.rel1-mingw-w64-i686-arm-none-eabi/bin/../lib/gcc/arm-none-eabi/15.2.1/../../../../arm-none-eabi/lib/thumb/v7e-m+fp/hard\libc_nano.a(libc_a-locale.o)
                                  0x2 (size before relaxing)
 .rodata._ctype_
                0x08005d40      0x101 C:/arm-gnu-toolchain-15.2.rel1-mingw-w64-i686-arm-none-eabi/bin/../lib/gcc/arm-none-eabi/15.2.1/../../../../arm-none-eabi/lib/thumb/v7e-m+fp/hard\libc_nano.a(libc_a-ctype_.o)
                0x08005d40                _ctype_
                0x08005e48                        . = ALIGN (0x8)
 *fill*         0x08005e41        0x7 
                0x08005e48                        __RO_LIMIT__ = .

.rel.dyn        0x08005e48        0x0
 .rel.iplt      0x08005e48        0x0 exception.o

.data           0x20000000      0x1cc load address 0x08005e48
                0x20000000                        __RW_BASE__ = .
 *(.data)
 .data          0x20000000        0x0 clock.o
 .data          0x20000000        0x0 exception.o
 .data          0x20000000        0x0 i2c.o
 .data          0x20000000        0x0 key.o
 .data          0x20000000        0x0 led.o
 .data          0x20000000        0x0 main.o
 .data          0x20000000        0x0 runtime.o
 .data          0x20000000        0x0 spi.o
 .data          0x20000000        0x4 system_stm32f4xx.o
                0x20000000                SystemCoreClock
 .data          0x20000004        0x0 systick.o
 .data          0x20000004        0x0 timer.o
 .data          0x20000004        0x0 uart.o
 .data          0x20000004        0x0 ws2812.o
 .data          0x20000004        0x0 crt0.o
 .data          0x20000004        0x0 C:/arm-gnu-toolchain-15.2.rel1-mingw-w64-i686-arm-none-eabi/bin/../lib/gcc/arm-none-eabi/15.2.1/../../../../arm-none-eabi/lib/thumb/v7e-m+fp/hard\libc_nano.a(libc_a-rand.o)
 .data          0x20000004        0x0 C:/arm-gnu-toolchain-15.2.rel1-mingw-w64-i686-arm-none-eabi/bin/../lib/gcc/arm-none-eabi/15.2.1/../../../../arm-none-eabi/lib/thumb/v7e-m+fp/hard\libc_nano.a(libc_a-nano-vfprintf_float.o)
 .data          0x20000004        0x0 C:/arm-gnu-toolchain-15.2.rel1-mingw-w64-i686-arm-none-eabi/bin/../lib/gcc/arm-none-eabi/15.2.1/../../../../arm-none-eabi/lib/thumb/v7e-m+fp/hard\libc_nano.a(libc_a-nano-vfprintf_i.o)
 .data          0x20000004        0x0 C:/arm-gnu-toolchain-15.2.rel1-mingw-w64-i686-arm-none-eabi/bin/../lib/gcc/arm-none-eabi/15.2.1/../../../../arm-none-eabi/lib/thumb/v7e-m+fp/hard\libc_nano.a(libc_a-printf.o)
 .data          0x20000004        0x0 C:/arm-gnu-toolchain-15.2.rel1-mingw-w64-i686-arm-none-eabi/bin/../lib/gcc/arm-none-eabi/15.2.1/../../../../arm-none-eabi/lib/thumb/v7e-m+fp/hard\libc_nano.a(libc_a-setvbuf.o)
 .data          0x20000004        0x0 C:/arm-gnu-toolchain-15.2.rel1-mingw-w64-i686-arm-none-eabi/bin/../lib/gcc/arm-none-eabi/15.2.1/../../../../arm-none-eabi/lib/thumb/v7e-m+fp/hard\libc_nano.a(libc_a-vsprintf.o)
 .data          0x20000004        0x0 C:/arm-gnu-toolchain-15.2.rel1-mingw-w64-i686-arm-none-eabi/bin/../lib/gcc/arm-none-eabi/15.2.1/../../../../arm-none-eabi/lib/thumb/v7e-m+fp/hard\libc_nano.a(libc_a-localeconv.o)
 .data          0x20000004        0x0 C:/arm-gnu-toolchain-15.2.rel1-mingw-w64-i686-arm-none-eabi/bin/../lib/gcc/arm-none-eabi/15.2.1/../../../../arm-none-eabi/lib/thumb/v7e-m+fp/hard\libc_nano.a(libc_a-impure.o)
 .data          0x20000004        0x0 C:/arm-gnu-toolchain-15.2.rel1-mingw-w64-i686-arm-none-eabi/bin/../lib/gcc/arm-none-eabi/15.2.1/../../../../arm-none-eabi/lib/thumb/v7e-m+fp/hard\libc_nano.a(libc_a-errno.o)
 .data          0x20000004        0x0 C:/arm-gnu-toolchain-15.2.rel1-mingw-w64-i686-arm-none-eabi/bin/../lib/gcc/arm-none-eabi/15.2.1/../../../../arm-none-eabi/lib/thumb/v7e-m+fp/hard\libc_nano.a(libc_a-lock.o)
 .data          0x20000004        0x0 C:/arm-gnu-toolchain-15.2.rel1-mingw-w64-i686-arm-none-eabi/bin/../lib/gcc/arm-none-eabi/15.2.1/../../../../arm-none-eabi/lib/thumb/v7e-m+fp/hard\libc_nano.a(libc_a-memchr.o)
 .data          0x20000004        0x0 C:/arm-gnu-toolchain-15.2.rel1-mingw-w64-i686-arm-none-eabi/bin/../lib/gcc/arm-none-eabi/15.2.1/../../../../arm-none-eabi/lib/thumb/v7e-m+fp/hard\libc_nano.a(libc_a-strlen.o)
 .data          0x20000004        0x0 C:/arm-gnu-toolchain-15.2.rel1-mingw-w64-i686-arm-none-eabi/bin/../lib/gcc/arm-none-eabi/15.2.1/../../../../arm-none-eabi/lib/thumb/v7e-m+fp/hard\libc_nano.a(libc_a-assert.o)
 .data          0x20000004        0x0 C:/arm-gnu-toolchain-15.2.rel1-mingw-w64-i686-arm-none-eabi/bin/../lib/gcc/arm-none-eabi/15.2.1/../../../../arm-none-eabi/lib/thumb/v7e-m+fp/hard\libc_nano.a(libc_a-dtoa.o)
 .data          0x20000004        0x0 C:/arm-gnu-toolchain-15.2.rel1-mingw-w64-i686-arm-none-eabi/bin/../lib/gcc/arm-none-eabi/15.2.1/../../../../arm-none-eabi/lib/thumb/v7e-m+fp/hard\libc_nano.a(libc_a-freer.o)
 .data          0x20000004        0x0 C:/arm-gnu-toolchain-15.2.rel1-mingw-w64-i686-arm-none-eabi/bin/../lib/gcc/arm-none-eabi/15.2.1/../../../../arm-none-eabi/lib/thumb/v7e-m+fp/hard\libc_nano.a(libc_a-malloc.o)
 .data          0x20000004        0x0 C:/arm-gnu-toolchain-15.2.rel1-mingw-w64-i686-arm-none-eabi/bin/../lib/gcc/arm-none-eabi/15.2.1/../../../../arm-none-eabi/lib/thumb/v7e-m+fp/hard\libc_nano.a(libc_a-mallocr.o)
 .data          0x20000004        0x0 C:/arm-gnu-toolchain-15.2.rel1-mingw-w64-i686-arm-none-eabi/bin/../lib/gcc/arm-none-eabi/15.2.1/../../../../arm-none-eabi/lib/thumb/v7e-m+fp/hard\libc_nano.a(libc_a-mlock.o)
 .data          0x20000004        0x0 C:/arm-gnu-toolchain-15.2.rel1-mingw-w64-i686-arm-none-eabi/bin/../lib/gcc/arm-none-eabi/15.2.1/../../../../arm-none-eabi/lib/thumb/v7e-m+fp/hard\libc_nano.a(libc_a-mprec.o)
 .data          0x20000004        0x0 C:/arm-gnu-toolchain-15.2.rel1-mingw-w64-i686-arm-none-eabi/bin/../lib/gcc/arm-none-eabi/15.2.1/../../../../arm-none-eabi/lib/thumb/v7e-m+fp/hard\libc_nano.a(libc_a-nano-svfprintf.o)
 .data          0x20000004        0x0 C:/arm-gnu-toolchain-15.2.rel1-mingw-w64-i686-arm-none-eabi/bin/../lib/gcc/arm-none-eabi/15.2.1/../../../../arm-none-eabi/lib/thumb/v7e-m+fp/hard\libc_nano.a(libc_a-nano-vfprintf.o)
 .data          0x20000004        0x0 C:/arm-gnu-toolchain-15.2.rel1-mingw-w64-i686-arm-none-eabi/bin/../lib/gcc/arm-none-eabi/15.2.1/../../../../arm-none-eabi/lib/thumb/v7e-m+fp/hard\libc_nano.a(libc_a-fflush.o)
 .data          0x20000004        0x0 C:/arm-gnu-toolchain-15.2.rel1-mingw-w64-i686-arm-none-eabi/bin/../lib/gcc/arm-none-eabi/15.2.1/../../../../arm-none-eabi/lib/thumb/v7e-m+fp/hard\libc_nano.a(libc_a-findfp.o)
 .data          0x20000004        0x0 C:/arm-gnu-toolchain-15.2.rel1-mingw-w64-i686-arm-none-eabi/bin/../lib/gcc/arm-none-eabi/15.2.1/../../../../arm-none-eabi/lib/thumb/v7e-m+fp/hard\libc_nano.a(libc_a-fprintf.o)
 .data          0x20000004        0x0 C:/arm-gnu-toolchain-15.2.rel1-mingw-w64-i686-arm-none-eabi/bin/../lib/gcc/arm-none-eabi/15.2.1/../../../../arm-none-eabi/lib/thumb/v7e-m+fp/hard\libc_nano.a(libc_a-fvwrite.o)
 .data          0x20000004        0x0 C:/arm-gnu-toolchain-15.2.rel1-mingw-w64-i686-arm-none-eabi/bin/../lib/gcc/arm-none-eabi/15.2.1/../../../../arm-none-eabi/lib/thumb/v7e-m+fp/hard\libc_nano.a(libc_a-fwalk.o)
 .data          0x20000004        0x0 C:/arm-gnu-toolchain-15.2.rel1-mingw-w64-i686-arm-none-eabi/bin/../lib/gcc/arm-none-eabi/15.2.1/../../../../arm-none-eabi/lib/thumb/v7e-m+fp/hard\libc_nano.a(libc_a-makebuf.o)
 .data          0x20000004        0x0 C:/arm-gnu-toolchain-15.2.rel1-mingw-w64-i686-arm-none-eabi/bin/../lib/gcc/arm-none-eabi/15.2.1/../../../../arm-none-eabi/lib/thumb/v7e-m+fp/hard\libc_nano.a(libc_a-stdio.o)
 .data          0x20000004        0x0 C:/arm-gnu-toolchain-15.2.rel1-mingw-w64-i686-arm-none-eabi/bin/../lib/gcc/arm-none-eabi/15.2.1/../../../../arm-none-eabi/lib/thumb/v7e-m+fp/hard\libc_nano.a(libc_a-wbuf.o)
 .data          0x20000004        0x0 C:/arm-gnu-toolchain-15.2.rel1-mingw-w64-i686-arm-none-eabi/bin/../lib/gcc/arm-none-eabi/15.2.1/../../../../arm-none-eabi/lib/thumb/v7e-m+fp/hard\libc_nano.a(libc_a-wsetup.o)
 .data          0x20000004        0x0 C:/arm-gnu-toolchain-15.2.rel1-mingw-w64-i686-arm-none-eabi/bin/../lib/gcc/arm-none-eabi/15.2.1/../../../../arm-none-eabi/lib/thumb/v7e-m+fp/hard\libc_nano.a(libc_a-memmove.o)
 .data          0x20000004        0x0 C:/arm-gnu-toolchain-15.2.rel1-mingw-w64-i686-arm-none-eabi/bin/../lib/gcc/arm-none-eabi/15.2.1/../../../../arm-none-eabi/lib/thumb/v7e-m+fp/hard\libc_nano.a(libc_a-memset.o)
 .data          0x20000004        0x0 C:/arm-gnu-toolchain-15.2.rel1-mingw-w64-i686-arm-none-eabi/bin/../lib/gcc/arm-none-eabi/15.2.1/../../../../arm-none-eabi/lib/thumb/v7e-m+fp/hard\libc_nano.a(libc_a-locale.o)
 .data          0x20000004        0x0 C:/arm-gnu-toolchain-15.2.rel1-mingw-w64-i686-arm-none-eabi/bin/../lib/gcc/arm-none-eabi/15.2.1/../../../../arm-none-eabi/lib/thumb/v7e-m+fp/hard\libc_nano.a(libc_a-closer.o)
 .data          0x20000004        0x0 C:/arm-gnu-toolchain-15.2.rel1-mingw-w64-i686-arm-none-eabi/bin/../lib/gcc/arm-none-eabi/15.2.1/../../../../arm-none-eabi/lib/thumb/v7e-m+fp/hard\libc_nano.a(libc_a-reent.o)
 .data          0x20000004        0x0 C:/arm-gnu-toolchain-15.2.rel1-mingw-w64-i686-arm-none-eabi/bin/../lib/gcc/arm-none-eabi/15.2.1/../../../../arm-none-eabi/lib/thumb/v7e-m+fp/hard\libc_nano.a(libc_a-fstatr.o)
 .data          0x20000004        0x0 C:/arm-gnu-toolchain-15.2.rel1-mingw-w64-i686-arm-none-eabi/bin/../lib/gcc/arm-none-eabi/15.2.1/../../../../arm-none-eabi/lib/thumb/v7e-m+fp/hard\libc_nano.a(libc_a-isattyr.o)
 .data          0x20000004        0x0 C:/arm-gnu-toolchain-15.2.rel1-mingw-w64-i686-arm-none-eabi/bin/../lib/gcc/arm-none-eabi/15.2.1/../../../../arm-none-eabi/lib/thumb/v7e-m+fp/hard\libc_nano.a(libc_a-lseekr.o)
 .data          0x20000004        0x0 C:/arm-gnu-toolchain-15.2.rel1-mingw-w64-i686-arm-none-eabi/bin/../lib/gcc/arm-none-eabi/15.2.1/../../../../arm-none-eabi/lib/thumb/v7e-m+fp/hard\libc_nano.a(libc_a-readr.o)
 .data          0x20000004        0x0 C:/arm-gnu-toolchain-15.2.rel1-mingw-w64-i686-arm-none-eabi/bin/../lib/gcc/arm-none-eabi/15.2.1/../../../../arm-none-eabi/lib/thumb/v7e-m+fp/hard\libc_nano.a(libc_a-sbrkr.o)
 .data          0x20000004        0x0 C:/arm-gnu-toolchain-15.2.rel1-mingw-w64-i686-arm-none-eabi/bin/../lib/gcc/arm-none-eabi/15.2.1/../../../../arm-none-eabi/lib/thumb/v7e-m+fp/hard\libc_nano.a(libc_a-writer.o)
 .data          0x20000004        0x0 C:/arm-gnu-toolchain-15.2.rel1-mingw-w64-i686-arm-none-eabi/bin/../lib/gcc/arm-none-eabi/15.2.1/../../../../arm-none-eabi/lib/thumb/v7e-m+fp/hard\libc_nano.a(libc_a-strcmp.o)
 .data          0x20000004        0x0 C:/arm-gnu-toolchain-15.2.rel1-mingw-w64-i686-arm-none-eabi/bin/../lib/gcc/arm-none-eabi/15.2.1/../../../../arm-none-eabi/lib/thumb/v7e-m+fp/hard\libc_nano.a(libc_a-memcpy-stub.o)
 .data          0x20000004        0x0 C:/arm-gnu-toolchain-15.2.rel1-mingw-w64-i686-arm-none-eabi/bin/../lib/gcc/arm-none-eabi/15.2.1/../../../../arm-none-eabi/lib/thumb/v7e-m+fp/hard\libc_nano.a(libc_a-abort.o)
 .data          0x20000004        0x0 C:/arm-gnu-toolchain-15.2.rel1-mingw-w64-i686-arm-none-eabi/bin/../lib/gcc/arm-none-eabi/15.2.1/../../../../arm-none-eabi/lib/thumb/v7e-m+fp/hard\libc_nano.a(libc_a-callocr.o)
 .data          0x20000004        0x0 C:/arm-gnu-toolchain-15.2.rel1-mingw-w64-i686-arm-none-eabi/bin/../lib/gcc/arm-none-eabi/15.2.1/../../../../arm-none-eabi/lib/thumb/v7e-m+fp/hard\libc_nano.a(libc_a-mbtowc_r.o)
 .data          0x20000004        0x0 C:/arm-gnu-toolchain-15.2.rel1-mingw-w64-i686-arm-none-eabi/bin/../lib/gcc/arm-none-eabi/15.2.1/../../../../arm-none-eabi/lib/thumb/v7e-m+fp/hard\libc_nano.a(libc_a-reallocr.o)
 .data          0x20000004        0x0 C:/arm-gnu-toolchain-15.2.rel1-mingw-w64-i686-arm-none-eabi/bin/../lib/gcc/arm-none-eabi/15.2.1/../../../../arm-none-eabi/lib/thumb/v7e-m+fp/hard\libc_nano.a(libc_a-wctomb_r.o)
 .data          0x20000004        0x0 C:/arm-gnu-toolchain-15.2.rel1-mingw-w64-i686-arm-none-eabi/bin/../lib/gcc/arm-none-eabi/15.2.1/../../../../arm-none-eabi/lib/thumb/v7e-m+fp/hard\libc_nano.a(libc_a-ctype_.o)
 .data          0x20000004        0x0 C:/arm-gnu-toolchain-15.2.rel1-mingw-w64-i686-arm-none-eabi/bin/../lib/gcc/arm-none-eabi/15.2.1/../../../../arm-none-eabi/lib/thumb/v7e-m+fp/hard\libc_nano.a(libc_a-signal.o)
 .data          0x20000004        0x0 C:/arm-gnu-toolchain-15.2.rel1-mingw-w64-i686-arm-none-eabi/bin/../lib/gcc/arm-none-eabi/15.2.1/../../../../arm-none-eabi/lib/thumb/v7e-m+fp/hard\libc_nano.a(libc_a-signalr.o)
 .data          0x20000004        0x0 C:/arm-gnu-toolchain-15.2.rel1-mingw-w64-i686-arm-none-eabi/bin/../lib/gcc/arm-none-eabi/15.2.1/../../../../arm-none-eabi/lib/thumb/v7e-m+fp/hard\libc_nano.a(libc_a-msizer.o)
 .data          0x20000004        0x0 C:/arm-gnu-toolchain-15.2.rel1-mingw-w64-i686-arm-none-eabi/bin/../lib/gcc/arm-none-eabi/15.2.1/thumb/v7e-m+fp/hard\libgcc.a(_arm_muldf3.o)
 .data          0x20000004        0x0 C:/arm-gnu-toolchain-15.2.rel1-mingw-w64-i686-arm-none-eabi/bin/../lib/gcc/arm-none-eabi/15.2.1/thumb/v7e-m+fp/hard\libgcc.a(_arm_addsubdf3.o)
 .data          0x20000004        0x0 C:/arm-gnu-toolchain-15.2.rel1-mingw-w64-i686-arm-none-eabi/bin/../lib/gcc/arm-none-eabi/15.2.1/thumb/v7e-m+fp/hard\libgcc.a(_arm_muldivdf3.o)
 .data          0x20000004        0x0 C:/arm-gnu-toolchain-15.2.rel1-mingw-w64-i686-arm-none-eabi/bin/../lib/gcc/arm-none-eabi/15.2.1/thumb/v7e-m+fp/hard\libgcc.a(_arm_cmpdf2.o)
 .data          0x20000004        0x0 C:/arm-gnu-toolchain-15.2.rel1-mingw-w64-i686-arm-none-eabi/bin/../lib/gcc/arm-none-eabi/15.2.1/thumb/v7e-m+fp/hard\libgcc.a(_arm_unorddf2.o)
 .data          0x20000004        0x0 C:/arm-gnu-toolchain-15.2.rel1-mingw-w64-i686-arm-none-eabi/bin/../lib/gcc/arm-none-eabi/15.2.1/thumb/v7e-m+fp/hard\libgcc.a(_arm_fixdfsi.o)
 .data          0x20000004        0x0 C:/arm-gnu-toolchain-15.2.rel1-mingw-w64-i686-arm-none-eabi/bin/../lib/gcc/arm-none-eabi/15.2.1/thumb/v7e-m+fp/hard\libgcc.a(_arm_fixunsdfsi.o)
 .data          0x20000004        0x0 C:/arm-gnu-toolchain-15.2.rel1-mingw-w64-i686-arm-none-eabi/bin/../lib/gcc/arm-none-eabi/15.2.1/../../../../arm-none-eabi/lib/thumb/v7e-m+fp/hard\libnosys.a(_exit.o)
 *(.data.*)
 .data._impure_ptr
                0x20000004        0x4 C:/arm-gnu-toolchain-15.2.rel1-mingw-w64-i686-arm-none-eabi/bin/../lib/gcc/arm-none-eabi/15.2.1/../../../../arm-none-eabi/lib/thumb/v7e-m+fp/hard\libc_nano.a(libc_a-impure.o)
                0x20000004                _impure_ptr
 .data._impure_data
                0x20000008       0x4c C:/arm-gnu-toolchain-15.2.rel1-mingw-w64-i686-arm-none-eabi/bin/../lib/gcc/arm-none-eabi/15.2.1/../../../../arm-none-eabi/lib/thumb/v7e-m+fp/hard\libc_nano.a(libc_a-impure.o)
                0x20000008                _impure_data
 .data.__sglue  0x20000054        0xc C:/arm-gnu-toolchain-15.2.rel1-mingw-w64-i686-arm-none-eabi/bin/../lib/gcc/arm-none-eabi/15.2.1/../../../../arm-none-eabi/lib/thumb/v7e-m+fp/hard\libc_nano.a(libc_a-findfp.o)
                0x20000054                __sglue
 .data.__global_locale
                0x20000060      0x16c C:/arm-gnu-toolchain-15.2.rel1-mingw-w64-i686-arm-none-eabi/bin/../lib/gcc/arm-none-eabi/15.2.1/../../../../arm-none-eabi/lib/thumb/v7e-m+fp/hard\libc_nano.a(libc_a-locale.o)
                0x20000060                __global_locale
                0x200001cc                        . = ALIGN (0x4)
                0x200001cc                        __RW_LIMIT__ = .
                0x000001cc                        __RW_SIZE__ = SIZEOF (.data)
                0x08005e48                        __RW_LOAD_ADDR__ = LOADADDR (.data)

.igot.plt       0x200001cc        0x0 load address 0x08006014
 .igot.plt      0x200001cc        0x0 exception.o

.bss            0x200001cc      0x238 load address 0x08006014
                0x200001cc                        __ZI_BASE__ = .
 *(.bss)
 .bss           0x200001cc        0x0 clock.o
 .bss           0x200001cc        0x0 exception.o
 .bss           0x200001cc        0x0 i2c.o
 .bss           0x200001cc        0x0 key.o
 .bss           0x200001cc        0x0 led.o
 .bss           0x200001cc        0x0 main.o
 .bss           0x200001cc        0x4 runtime.o
 .bss           0x200001d0        0x0 spi.o
 .bss           0x200001d0        0x0 system_stm32f4xx.o
 .bss           0x200001d0        0x0 systick.o
 .bss           0x200001d0        0xc timer.o
                0x200001d0                led
 .bss           0x200001dc        0x0 uart.o
 .bss           0x200001dc       0xd4 ws2812.o
 .bss           0x200002b0        0x0 crt0.o
 .bss           0x200002b0        0x0 C:/arm-gnu-toolchain-15.2.rel1-mingw-w64-i686-arm-none-eabi/bin/../lib/gcc/arm-none-eabi/15.2.1/../../../../arm-none-eabi/lib/thumb/v7e-m+fp/hard\libc_nano.a(libc_a-rand.o)
 .bss           0x200002b0        0x0 C:/arm-gnu-toolchain-15.2.rel1-mingw-w64-i686-arm-none-eabi/bin/../lib/gcc/arm-none-eabi/15.2.1/../../../../arm-none-eabi/lib/thumb/v7e-m+fp/hard\libc_nano.a(libc_a-nano-vfprintf_float.o)
 .bss           0x200002b0        0x0 C:/arm-gnu-toolchain-15.2.rel1-mingw-w64-i686-arm-none-eabi/bin/../lib/gcc/arm-none-eabi/15.2.1/../../../../arm-none-eabi/lib/thumb/v7e-m+fp/hard\libc_nano.a(libc_a-nano-vfprintf_i.o)
 .bss           0x200002b0        0x0 C:/arm-gnu-toolchain-15.2.rel1-mingw-w64-i686-arm-none-eabi/bin/../lib/gcc/arm-none-eabi/15.2.1/../../../../arm-none-eabi/lib/thumb/v7e-m+fp/hard\libc_nano.a(libc_a-printf.o)
 .bss           0x200002b0        0x0 C:/arm-gnu-toolchain-15.2.rel1-mingw-w64-i686-arm-none-eabi/bin/../lib/gcc/arm-none-eabi/15.2.1/../../../../arm-none-eabi/lib/thumb/v7e-m+fp/hard\libc_nano.a(libc_a-setvbuf.o)
 .bss           0x200002b0        0x0 C:/arm-gnu-toolchain-15.2.rel1-mingw-w64-i686-arm-none-eabi/bin/../lib/gcc/arm-none-eabi/15.2.1/../../../../arm-none-eabi/lib/thumb/v7e-m+fp/hard\libc_nano.a(libc_a-vsprintf.o)
 .bss           0x200002b0        0x0 C:/arm-gnu-toolchain-15.2.rel1-mingw-w64-i686-arm-none-eabi/bin/../lib/gcc/arm-none-eabi/15.2.1/../../../../arm-none-eabi/lib/thumb/v7e-m+fp/hard\libc_nano.a(libc_a-localeconv.o)
 .bss           0x200002b0        0x0 C:/arm-gnu-toolchain-15.2.rel1-mingw-w64-i686-arm-none-eabi/bin/../lib/gcc/arm-none-eabi/15.2.1/../../../../arm-none-eabi/lib/thumb/v7e-m+fp/hard\libc_nano.a(libc_a-impure.o)
 .bss           0x200002b0        0x0 C:/arm-gnu-toolchain-15.2.rel1-mingw-w64-i686-arm-none-eabi/bin/../lib/gcc/arm-none-eabi/15.2.1/../../../../arm-none-eabi/lib/thumb/v7e-m+fp/hard\libc_nano.a(libc_a-errno.o)
 .bss           0x200002b0        0x0 C:/arm-gnu-toolchain-15.2.rel1-mingw-w64-i686-arm-none-eabi/bin/../lib/gcc/arm-none-eabi/15.2.1/../../../../arm-none-eabi/lib/thumb/v7e-m+fp/hard\libc_nano.a(libc_a-lock.o)
 .bss           0x200002b0        0x0 C:/arm-gnu-toolchain-15.2.rel1-mingw-w64-i686-arm-none-eabi/bin/../lib/gcc/arm-none-eabi/15.2.1/../../../../arm-none-eabi/lib/thumb/v7e-m+fp/hard\libc_nano.a(libc_a-memchr.o)
 .bss           0x200002b0        0x0 C:/arm-gnu-toolchain-15.2.rel1-mingw-w64-i686-arm-none-eabi/bin/../lib/gcc/arm-none-eabi/15.2.1/../../../../arm-none-eabi/lib/thumb/v7e-m+fp/hard\libc_nano.a(libc_a-strlen.o)
 .bss           0x200002b0        0x0 C:/arm-gnu-toolchain-15.2.rel1-mingw-w64-i686-arm-none-eabi/bin/../lib/gcc/arm-none-eabi/15.2.1/../../../../arm-none-eabi/lib/thumb/v7e-m+fp/hard\libc_nano.a(libc_a-assert.o)
 .bss           0x200002b0        0x0 C:/arm-gnu-toolchain-15.2.rel1-mingw-w64-i686-arm-none-eabi/bin/../lib/gcc/arm-none-eabi/15.2.1/../../../../arm-none-eabi/lib/thumb/v7e-m+fp/hard\libc_nano.a(libc_a-dtoa.o)
 .bss           0x200002b0        0x0 C:/arm-gnu-toolchain-15.2.rel1-mingw-w64-i686-arm-none-eabi/bin/../lib/gcc/arm-none-eabi/15.2.1/../../../../arm-none-eabi/lib/thumb/v7e-m+fp/hard\libc_nano.a(libc_a-freer.o)
 .bss           0x200002b0        0x0 C:/arm-gnu-toolchain-15.2.rel1-mingw-w64-i686-arm-none-eabi/bin/../lib/gcc/arm-none-eabi/15.2.1/../../../../arm-none-eabi/lib/thumb/v7e-m+fp/hard\libc_nano.a(libc_a-malloc.o)